Archive member included to satisfy reference by file (symbol)

c:/program files (x86)/atmel/studio/7.0/toolchain/avr8/avr8-gnu-toolchain/bin/../lib/gcc/avr/4.9.2/avr5\libgcc.a(_udivmodhi4.o)
                              keysize_descriptor.o (__udivmodhi4)
c:/program files (x86)/atmel/studio/7.0/toolchain/avr8/avr8-gnu-toolchain/bin/../lib/gcc/avr/4.9.2/avr5\libgcc.a(_exit.o)
                              C:/Program Files (x86)/Atmel/Studio/7.0/Packs/atmel/ATmega_DFP/1.0.90/gcc/dev/atmega328p/avr5/crtatmega328p.o (exit)
c:/program files (x86)/atmel/studio/7.0/toolchain/avr8/avr8-gnu-toolchain/bin/../lib/gcc/avr/4.9.2/../../../../avr/lib/avr5\libc.a(malloc.o)
                              keysize_descriptor.o (malloc)
c:/program files (x86)/atmel/studio/7.0/toolchain/avr8/avr8-gnu-toolchain/bin/../lib/gcc/avr/4.9.2/../../../../avr/lib/avr5\libc.a(memcpy.o)
                              aes_keyschedule.o (memcpy)
c:/program files (x86)/atmel/studio/7.0/toolchain/avr8/avr8-gnu-toolchain/bin/../lib/gcc/avr/4.9.2/avr5\libgcc.a(_copy_data.o)
                              c:/program files (x86)/atmel/studio/7.0/toolchain/avr8/avr8-gnu-toolchain/bin/../lib/gcc/avr/4.9.2/../../../../avr/lib/avr5\libc.a(malloc.o) (__do_copy_data)
c:/program files (x86)/atmel/studio/7.0/toolchain/avr8/avr8-gnu-toolchain/bin/../lib/gcc/avr/4.9.2/avr5\libgcc.a(_clear_bss.o)
                              c:/program files (x86)/atmel/studio/7.0/toolchain/avr8/avr8-gnu-toolchain/bin/../lib/gcc/avr/4.9.2/../../../../avr/lib/avr5\libc.a(malloc.o) (__do_clear_bss)

Allocating common symbols
Common symbol       size              file

__brkval            0x2               c:/program files (x86)/atmel/studio/7.0/toolchain/avr8/avr8-gnu-toolchain/bin/../lib/gcc/avr/4.9.2/../../../../avr/lib/avr5\libc.a(malloc.o)
__flp               0x2               c:/program files (x86)/atmel/studio/7.0/toolchain/avr8/avr8-gnu-toolchain/bin/../lib/gcc/avr/4.9.2/../../../../avr/lib/avr5\libc.a(malloc.o)

Discarded input sections

 .data          0x00000000        0x0 C:/Program Files (x86)/Atmel/Studio/7.0/Packs/atmel/ATmega_DFP/1.0.90/gcc/dev/atmega328p/avr5/crtatmega328p.o
 .bss           0x00000000        0x0 C:/Program Files (x86)/Atmel/Studio/7.0/Packs/atmel/ATmega_DFP/1.0.90/gcc/dev/atmega328p/avr5/crtatmega328p.o
 .text          0x00000000        0x0 aes128_dec.o
 .data          0x00000000        0x0 aes128_dec.o
 .bss           0x00000000        0x0 aes128_dec.o
 .text.aes128_dec
                0x00000000        0x8 aes128_dec.o
 .debug_info    0x00000000      0x1c0 aes128_dec.o
 .debug_abbrev  0x00000000       0xe7 aes128_dec.o
 .debug_loc     0x00000000       0x4c aes128_dec.o
 .debug_aranges
                0x00000000       0x20 aes128_dec.o
 .debug_ranges  0x00000000       0x10 aes128_dec.o
 .debug_line    0x00000000       0xbd aes128_dec.o
 .debug_str     0x00000000      0x1cf aes128_dec.o
 .comment       0x00000000       0x31 aes128_dec.o
 .debug_frame   0x00000000       0x24 aes128_dec.o
 .text          0x00000000        0x0 aes128_enc.o
 .data          0x00000000        0x0 aes128_enc.o
 .bss           0x00000000        0x0 aes128_enc.o
 .text.aes128_enc
                0x00000000        0x8 aes128_enc.o
 .debug_info    0x00000000      0x1c0 aes128_enc.o
 .debug_abbrev  0x00000000       0xe7 aes128_enc.o
 .debug_loc     0x00000000       0x4c aes128_enc.o
 .debug_aranges
                0x00000000       0x20 aes128_enc.o
 .debug_ranges  0x00000000       0x10 aes128_enc.o
 .debug_line    0x00000000       0xbd aes128_enc.o
 .debug_str     0x00000000      0x1cf aes128_enc.o
 .comment       0x00000000       0x31 aes128_enc.o
 .debug_frame   0x00000000       0x24 aes128_enc.o
 .text          0x00000000        0x0 aes192_dec.o
 .data          0x00000000        0x0 aes192_dec.o
 .bss           0x00000000        0x0 aes192_dec.o
 .text.aes192_dec
                0x00000000        0x8 aes192_dec.o
 .debug_info    0x00000000      0x1c0 aes192_dec.o
 .debug_abbrev  0x00000000       0xe7 aes192_dec.o
 .debug_loc     0x00000000       0x4c aes192_dec.o
 .debug_aranges
                0x00000000       0x20 aes192_dec.o
 .debug_ranges  0x00000000       0x10 aes192_dec.o
 .debug_line    0x00000000       0xbd aes192_dec.o
 .debug_str     0x00000000      0x1cf aes192_dec.o
 .comment       0x00000000       0x31 aes192_dec.o
 .debug_frame   0x00000000       0x24 aes192_dec.o
 .text          0x00000000        0x0 aes192_enc.o
 .data          0x00000000        0x0 aes192_enc.o
 .bss           0x00000000        0x0 aes192_enc.o
 .text.aes192_enc
                0x00000000        0x8 aes192_enc.o
 .debug_info    0x00000000      0x1c0 aes192_enc.o
 .debug_abbrev  0x00000000       0xe7 aes192_enc.o
 .debug_loc     0x00000000       0x4c aes192_enc.o
 .debug_aranges
                0x00000000       0x20 aes192_enc.o
 .debug_ranges  0x00000000       0x10 aes192_enc.o
 .debug_line    0x00000000       0xbd aes192_enc.o
 .debug_str     0x00000000      0x1cf aes192_enc.o
 .comment       0x00000000       0x31 aes192_enc.o
 .debug_frame   0x00000000       0x24 aes192_enc.o
 .text          0x00000000        0x0 aes256_dec.o
 .data          0x00000000        0x0 aes256_dec.o
 .bss           0x00000000        0x0 aes256_dec.o
 .text.aes256_dec
                0x00000000        0x8 aes256_dec.o
 .debug_info    0x00000000      0x1c0 aes256_dec.o
 .debug_abbrev  0x00000000       0xe7 aes256_dec.o
 .debug_loc     0x00000000       0x4c aes256_dec.o
 .debug_aranges
                0x00000000       0x20 aes256_dec.o
 .debug_ranges  0x00000000       0x10 aes256_dec.o
 .debug_line    0x00000000       0xbd aes256_dec.o
 .debug_str     0x00000000      0x1cf aes256_dec.o
 .comment       0x00000000       0x31 aes256_dec.o
 .debug_frame   0x00000000       0x24 aes256_dec.o
 .text          0x00000000        0x0 aes256_enc.o
 .data          0x00000000        0x0 aes256_enc.o
 .bss           0x00000000        0x0 aes256_enc.o
 .text.aes256_enc
                0x00000000        0x8 aes256_enc.o
 .debug_info    0x00000000      0x1c0 aes256_enc.o
 .debug_abbrev  0x00000000       0xe7 aes256_enc.o
 .debug_loc     0x00000000       0x4c aes256_enc.o
 .debug_aranges
                0x00000000       0x20 aes256_enc.o
 .debug_ranges  0x00000000       0x10 aes256_enc.o
 .debug_line    0x00000000       0xbd aes256_enc.o
 .debug_str     0x00000000      0x1cf aes256_enc.o
 .comment       0x00000000       0x31 aes256_enc.o
 .debug_frame   0x00000000       0x24 aes256_enc.o
 .text          0x00000000      0x302 aes_dec-asm.o
 .data          0x00000000        0x0 aes_dec-asm.o
 .bss           0x00000000        0x0 aes_dec-asm.o
 .debug_line    0x00000000      0x151 aes_dec-asm.o
 .debug_info    0x00000000       0x76 aes_dec-asm.o
 .debug_abbrev  0x00000000       0x14 aes_dec-asm.o
 .debug_aranges
                0x00000000       0x20 aes_dec-asm.o
 .text          0x00000000      0x500 aes_dec-asm_faster.o
 .data          0x00000000        0x0 aes_dec-asm_faster.o
 .bss           0x00000000        0x0 aes_dec-asm_faster.o
 .debug_line    0x00000000      0x13d aes_dec-asm_faster.o
 .debug_info    0x00000000       0x7d aes_dec-asm_faster.o
 .debug_abbrev  0x00000000       0x14 aes_dec-asm_faster.o
 .debug_aranges
                0x00000000       0x20 aes_dec-asm_faster.o
 .text          0x00000000        0x0 aes_dec.o
 .data          0x00000000        0x0 aes_dec.o
 .bss           0x00000000        0x0 aes_dec.o
 .text.aes_invshiftrow
                0x00000000       0x5e aes_dec.o
 .text.aes_invshiftcol
                0x00000000       0xb2 aes_dec.o
 .text.aes_decrypt_core
                0x00000000      0x23c aes_dec.o
 .debug_info    0x00000000      0x565 aes_dec.o
 .debug_abbrev  0x00000000      0x1f1 aes_dec.o
 .debug_loc     0x00000000      0x525 aes_dec.o
 .debug_aranges
                0x00000000       0x30 aes_dec.o
 .debug_ranges  0x00000000       0x20 aes_dec.o
 .debug_line    0x00000000      0x136 aes_dec.o
 .debug_str     0x00000000      0x236 aes_dec.o
 .comment       0x00000000       0x31 aes_dec.o
 .debug_frame   0x00000000       0xb4 aes_dec.o
 .text          0x00000000      0x226 aes_enc-asm.o
 .data          0x00000000        0x0 aes_enc-asm.o
 .bss           0x00000000        0x0 aes_enc-asm.o
 .debug_line    0x00000000       0x8c aes_enc-asm.o
 .debug_info    0x00000000       0x76 aes_enc-asm.o
 .debug_abbrev  0x00000000       0x14 aes_enc-asm.o
 .debug_aranges
                0x00000000       0x20 aes_enc-asm.o
 .text          0x00000000        0x0 aes_enc.o
 .data          0x00000000        0x0 aes_enc.o
 .bss           0x00000000        0x0 aes_enc.o
 .text.aes_shiftcol
                0x00000000       0xa0 aes_enc.o
 .text.aes_encrypt_core
                0x00000000      0x256 aes_enc.o
 .debug_info    0x00000000      0x473 aes_enc.o
 .debug_abbrev  0x00000000      0x1e0 aes_enc.o
 .debug_loc     0x00000000      0x3a2 aes_enc.o
 .debug_aranges
                0x00000000       0x28 aes_enc.o
 .debug_ranges  0x00000000       0x18 aes_enc.o
 .debug_line    0x00000000      0x124 aes_enc.o
 .debug_str     0x00000000      0x21f aes_enc.o
 .comment       0x00000000       0x31 aes_enc.o
 .debug_frame   0x00000000       0xa4 aes_enc.o
 .text          0x00000000      0x100 aes_invsbox-asm.o
 .data          0x00000000        0x0 aes_invsbox-asm.o
 .bss           0x00000000        0x0 aes_invsbox-asm.o
 .text          0x00000000        0x0 aes_invsbox.o
 .data          0x00000000        0x0 aes_invsbox.o
 .bss           0x00000000        0x0 aes_invsbox.o
 .progmem.data.aes_invsbox
                0x00000000      0x100 aes_invsbox.o
 .debug_info    0x00000000       0x8f aes_invsbox.o
 .debug_abbrev  0x00000000       0x5d aes_invsbox.o
 .debug_aranges
                0x00000000       0x18 aes_invsbox.o
 .debug_line    0x00000000       0x92 aes_invsbox.o
 .debug_str     0x00000000      0x17d aes_invsbox.o
 .comment       0x00000000       0x31 aes_invsbox.o
 .text          0x00000000       0xee aes_keyschedule-asm.o
 .data          0x00000000        0x0 aes_keyschedule-asm.o
 .bss           0x00000000        0x0 aes_keyschedule-asm.o
 .debug_line    0x00000000       0xbb aes_keyschedule-asm.o
 .debug_info    0x00000000       0x7e aes_keyschedule-asm.o
 .debug_abbrev  0x00000000       0x14 aes_keyschedule-asm.o
 .debug_aranges
                0x00000000       0x20 aes_keyschedule-asm.o
 .text          0x00000000        0x0 aes_keyschedule.o
 .data          0x00000000        0x0 aes_keyschedule.o
 .bss           0x00000000        0x0 aes_keyschedule.o
 .text.aes_init
                0x00000000      0x160 aes_keyschedule.o
 .text.aes128_init
                0x00000000        0xc aes_keyschedule.o
 .text.aes192_init
                0x00000000        0xc aes_keyschedule.o
 .text.aes256_init
                0x00000000        0xc aes_keyschedule.o
 .progmem.data.rc_tab
                0x00000000        0xa aes_keyschedule.o
 .debug_info    0x00000000      0x5e9 aes_keyschedule.o
 .debug_abbrev  0x00000000      0x1d2 aes_keyschedule.o
 .debug_loc     0x00000000      0x480 aes_keyschedule.o
 .debug_aranges
                0x00000000       0x38 aes_keyschedule.o
 .debug_ranges  0x00000000       0x28 aes_keyschedule.o
 .debug_line    0x00000000      0x12c aes_keyschedule.o
 .debug_str     0x00000000      0x23e aes_keyschedule.o
 .comment       0x00000000       0x31 aes_keyschedule.o
 .debug_frame   0x00000000       0x8c aes_keyschedule.o
 .text          0x00000000      0x100 aes_sbox-asm.o
 .data          0x00000000        0x0 aes_sbox-asm.o
 .bss           0x00000000        0x0 aes_sbox-asm.o
 .text          0x00000000        0x0 aes_sbox.o
 .data          0x00000000        0x0 aes_sbox.o
 .bss           0x00000000        0x0 aes_sbox.o
 .progmem.data.aes_sbox
                0x00000000      0x100 aes_sbox.o
 .debug_info    0x00000000       0x8f aes_sbox.o
 .debug_abbrev  0x00000000       0x5d aes_sbox.o
 .debug_aranges
                0x00000000       0x18 aes_sbox.o
 .debug_line    0x00000000       0x8f aes_sbox.o
 .debug_str     0x00000000      0x177 aes_sbox.o
 .comment       0x00000000       0x31 aes_sbox.o
 .text          0x00000000        0x0 avr-asm-macros.o
 .data          0x00000000        0x0 avr-asm-macros.o
 .bss           0x00000000        0x0 avr-asm-macros.o
 .text          0x00000000       0x1a gf256mul.o
 .data          0x00000000        0x0 gf256mul.o
 .bss           0x00000000        0x0 gf256mul.o
 .debug_line    0x00000000       0x48 gf256mul.o
 .debug_info    0x00000000       0x73 gf256mul.o
 .debug_abbrev  0x00000000       0x14 gf256mul.o
 .debug_aranges
                0x00000000       0x20 gf256mul.o
 .text          0x00000000        0x0 keysize_descriptor.o
 .data          0x00000000        0x0 keysize_descriptor.o
 .bss           0x00000000        0x0 keysize_descriptor.o
 .text.is_valid_keysize_P
                0x00000000       0xd4 keysize_descriptor.o
 .text.get_keysize
                0x00000000       0x14 keysize_descriptor.o
 .text.get_keysizes
                0x00000000      0x216 keysize_descriptor.o
 .debug_info    0x00000000      0x62e keysize_descriptor.o
 .debug_abbrev  0x00000000      0x137 keysize_descriptor.o
 .debug_loc     0x00000000      0xc25 keysize_descriptor.o
 .debug_aranges
                0x00000000       0x30 keysize_descriptor.o
 .debug_ranges  0x00000000       0xb0 keysize_descriptor.o
 .debug_line    0x00000000      0x1e1 keysize_descriptor.o
 .debug_str     0x00000000      0x207 keysize_descriptor.o
 .comment       0x00000000       0x31 keysize_descriptor.o
 .debug_frame   0x00000000       0xa0 keysize_descriptor.o
 .text          0x00000000        0x0 main.o
 .data          0x00000000        0x0 main.o
 .bss           0x00000000        0x0 main.o
 .text          0x00000000       0x80 stack_measuring.o
 .data          0x00000000        0x0 stack_measuring.o
 .bss           0x00000000        0x0 stack_measuring.o
 .debug_line    0x00000000       0x7e stack_measuring.o
 .debug_info    0x00000000       0x7a stack_measuring.o
 .debug_abbrev  0x00000000       0x14 stack_measuring.o
 .debug_aranges
                0x00000000       0x20 stack_measuring.o
 .text          0x00000000        0x0 c:/program files (x86)/atmel/studio/7.0/toolchain/avr8/avr8-gnu-toolchain/bin/../lib/gcc/avr/4.9.2/avr5\libgcc.a(_udivmodhi4.o)
 .data          0x00000000        0x0 c:/program files (x86)/atmel/studio/7.0/toolchain/avr8/avr8-gnu-toolchain/bin/../lib/gcc/avr/4.9.2/avr5\libgcc.a(_udivmodhi4.o)
 .bss           0x00000000        0x0 c:/program files (x86)/atmel/studio/7.0/toolchain/avr8/avr8-gnu-toolchain/bin/../lib/gcc/avr/4.9.2/avr5\libgcc.a(_udivmodhi4.o)
 .text.libgcc.mul
                0x00000000        0x0 c:/program files (x86)/atmel/studio/7.0/toolchain/avr8/avr8-gnu-toolchain/bin/../lib/gcc/avr/4.9.2/avr5\libgcc.a(_udivmodhi4.o)
 .text.libgcc.div
                0x00000000       0x28 c:/program files (x86)/atmel/studio/7.0/toolchain/avr8/avr8-gnu-toolchain/bin/../lib/gcc/avr/4.9.2/avr5\libgcc.a(_udivmodhi4.o)
 .text.libgcc   0x00000000        0x0 c:/program files (x86)/atmel/studio/7.0/toolchain/avr8/avr8-gnu-toolchain/bin/../lib/gcc/avr/4.9.2/avr5\libgcc.a(_udivmodhi4.o)
 .text.libgcc.prologue
                0x00000000        0x0 c:/program files (x86)/atmel/studio/7.0/toolchain/avr8/avr8-gnu-toolchain/bin/../lib/gcc/avr/4.9.2/avr5\libgcc.a(_udivmodhi4.o)
 .text.libgcc.builtins
                0x00000000        0x0 c:/program files (x86)/atmel/studio/7.0/toolchain/avr8/avr8-gnu-toolchain/bin/../lib/gcc/avr/4.9.2/avr5\libgcc.a(_udivmodhi4.o)
 .text.libgcc.fmul
                0x00000000        0x0 c:/program files (x86)/atmel/studio/7.0/toolchain/avr8/avr8-gnu-toolchain/bin/../lib/gcc/avr/4.9.2/avr5\libgcc.a(_udivmodhi4.o)
 .text.libgcc.fixed
                0x00000000        0x0 c:/program files (x86)/atmel/studio/7.0/toolchain/avr8/avr8-gnu-toolchain/bin/../lib/gcc/avr/4.9.2/avr5\libgcc.a(_udivmodhi4.o)
 .text          0x00000000        0x0 c:/program files (x86)/atmel/studio/7.0/toolchain/avr8/avr8-gnu-toolchain/bin/../lib/gcc/avr/4.9.2/avr5\libgcc.a(_exit.o)
 .data          0x00000000        0x0 c:/program files (x86)/atmel/studio/7.0/toolchain/avr8/avr8-gnu-toolchain/bin/../lib/gcc/avr/4.9.2/avr5\libgcc.a(_exit.o)
 .bss           0x00000000        0x0 c:/program files (x86)/atmel/studio/7.0/toolchain/avr8/avr8-gnu-toolchain/bin/../lib/gcc/avr/4.9.2/avr5\libgcc.a(_exit.o)
 .text.libgcc.mul
                0x00000000        0x0 c:/program files (x86)/atmel/studio/7.0/toolchain/avr8/avr8-gnu-toolchain/bin/../lib/gcc/avr/4.9.2/avr5\libgcc.a(_exit.o)
 .text.libgcc.div
                0x00000000        0x0 c:/program files (x86)/atmel/studio/7.0/toolchain/avr8/avr8-gnu-toolchain/bin/../lib/gcc/avr/4.9.2/avr5\libgcc.a(_exit.o)
 .text.libgcc   0x00000000        0x0 c:/program files (x86)/atmel/studio/7.0/toolchain/avr8/avr8-gnu-toolchain/bin/../lib/gcc/avr/4.9.2/avr5\libgcc.a(_exit.o)
 .text.libgcc.prologue
                0x00000000        0x0 c:/program files (x86)/atmel/studio/7.0/toolchain/avr8/avr8-gnu-toolchain/bin/../lib/gcc/avr/4.9.2/avr5\libgcc.a(_exit.o)
 .text.libgcc.builtins
                0x00000000        0x0 c:/program files (x86)/atmel/studio/7.0/toolchain/avr8/avr8-gnu-toolchain/bin/../lib/gcc/avr/4.9.2/avr5\libgcc.a(_exit.o)
 .text.libgcc.fmul
                0x00000000        0x0 c:/program files (x86)/atmel/studio/7.0/toolchain/avr8/avr8-gnu-toolchain/bin/../lib/gcc/avr/4.9.2/avr5\libgcc.a(_exit.o)
 .text.libgcc.fixed
                0x00000000        0x0 c:/program files (x86)/atmel/studio/7.0/toolchain/avr8/avr8-gnu-toolchain/bin/../lib/gcc/avr/4.9.2/avr5\libgcc.a(_exit.o)
 .text          0x00000000        0x0 c:/program files (x86)/atmel/studio/7.0/toolchain/avr8/avr8-gnu-toolchain/bin/../lib/gcc/avr/4.9.2/../../../../avr/lib/avr5\libc.a(malloc.o)
 .data          0x00000000        0x6 c:/program files (x86)/atmel/studio/7.0/toolchain/avr8/avr8-gnu-toolchain/bin/../lib/gcc/avr/4.9.2/../../../../avr/lib/avr5\libc.a(malloc.o)
 .bss           0x00000000        0x0 c:/program files (x86)/atmel/studio/7.0/toolchain/avr8/avr8-gnu-toolchain/bin/../lib/gcc/avr/4.9.2/../../../../avr/lib/avr5\libc.a(malloc.o)
 .text.avr-libc
                0x00000000      0x25a c:/program files (x86)/atmel/studio/7.0/toolchain/avr8/avr8-gnu-toolchain/bin/../lib/gcc/avr/4.9.2/../../../../avr/lib/avr5\libc.a(malloc.o)
 .comment       0x00000000       0x31 c:/program files (x86)/atmel/studio/7.0/toolchain/avr8/avr8-gnu-toolchain/bin/../lib/gcc/avr/4.9.2/../../../../avr/lib/avr5\libc.a(malloc.o)
 COMMON         0x00000000        0x4 c:/program files (x86)/atmel/studio/7.0/toolchain/avr8/avr8-gnu-toolchain/bin/../lib/gcc/avr/4.9.2/../../../../avr/lib/avr5\libc.a(malloc.o)
 .text          0x00000000        0x0 c:/program files (x86)/atmel/studio/7.0/toolchain/avr8/avr8-gnu-toolchain/bin/../lib/gcc/avr/4.9.2/../../../../avr/lib/avr5\libc.a(memcpy.o)
 .data          0x00000000        0x0 c:/program files (x86)/atmel/studio/7.0/toolchain/avr8/avr8-gnu-toolchain/bin/../lib/gcc/avr/4.9.2/../../../../avr/lib/avr5\libc.a(memcpy.o)
 .bss           0x00000000        0x0 c:/program files (x86)/atmel/studio/7.0/toolchain/avr8/avr8-gnu-toolchain/bin/../lib/gcc/avr/4.9.2/../../../../avr/lib/avr5\libc.a(memcpy.o)
 .text.avr-libc
                0x00000000       0x12 c:/program files (x86)/atmel/studio/7.0/toolchain/avr8/avr8-gnu-toolchain/bin/../lib/gcc/avr/4.9.2/../../../../avr/lib/avr5\libc.a(memcpy.o)
 .text          0x00000000        0x0 c:/program files (x86)/atmel/studio/7.0/toolchain/avr8/avr8-gnu-toolchain/bin/../lib/gcc/avr/4.9.2/avr5\libgcc.a(_copy_data.o)
 .data          0x00000000        0x0 c:/program files (x86)/atmel/studio/7.0/toolchain/avr8/avr8-gnu-toolchain/bin/../lib/gcc/avr/4.9.2/avr5\libgcc.a(_copy_data.o)
 .bss           0x00000000        0x0 c:/program files (x86)/atmel/studio/7.0/toolchain/avr8/avr8-gnu-toolchain/bin/../lib/gcc/avr/4.9.2/avr5\libgcc.a(_copy_data.o)
 .text.libgcc.mul
                0x00000000        0x0 c:/program files (x86)/atmel/studio/7.0/toolchain/avr8/avr8-gnu-toolchain/bin/../lib/gcc/avr/4.9.2/avr5\libgcc.a(_copy_data.o)
 .text.libgcc.div
                0x00000000        0x0 c:/program files (x86)/atmel/studio/7.0/toolchain/avr8/avr8-gnu-toolchain/bin/../lib/gcc/avr/4.9.2/avr5\libgcc.a(_copy_data.o)
 .text.libgcc   0x00000000        0x0 c:/program files (x86)/atmel/studio/7.0/toolchain/avr8/avr8-gnu-toolchain/bin/../lib/gcc/avr/4.9.2/avr5\libgcc.a(_copy_data.o)
 .text.libgcc.prologue
                0x00000000        0x0 c:/program files (x86)/atmel/studio/7.0/toolchain/avr8/avr8-gnu-toolchain/bin/../lib/gcc/avr/4.9.2/avr5\libgcc.a(_copy_data.o)
 .text.libgcc.builtins
                0x00000000        0x0 c:/program files (x86)/atmel/studio/7.0/toolchain/avr8/avr8-gnu-toolchain/bin/../lib/gcc/avr/4.9.2/avr5\libgcc.a(_copy_data.o)
 .text.libgcc.fmul
                0x00000000        0x0 c:/program files (x86)/atmel/studio/7.0/toolchain/avr8/avr8-gnu-toolchain/bin/../lib/gcc/avr/4.9.2/avr5\libgcc.a(_copy_data.o)
 .text.libgcc.fixed
                0x00000000        0x0 c:/program files (x86)/atmel/studio/7.0/toolchain/avr8/avr8-gnu-toolchain/bin/../lib/gcc/avr/4.9.2/avr5\libgcc.a(_copy_data.o)
 .text          0x00000000        0x0 c:/program files (x86)/atmel/studio/7.0/toolchain/avr8/avr8-gnu-toolchain/bin/../lib/gcc/avr/4.9.2/avr5\libgcc.a(_clear_bss.o)
 .data          0x00000000        0x0 c:/program files (x86)/atmel/studio/7.0/toolchain/avr8/avr8-gnu-toolchain/bin/../lib/gcc/avr/4.9.2/avr5\libgcc.a(_clear_bss.o)
 .bss           0x00000000        0x0 c:/program files (x86)/atmel/studio/7.0/toolchain/avr8/avr8-gnu-toolchain/bin/../lib/gcc/avr/4.9.2/avr5\libgcc.a(_clear_bss.o)
 .text.libgcc.mul
                0x00000000        0x0 c:/program files (x86)/atmel/studio/7.0/toolchain/avr8/avr8-gnu-toolchain/bin/../lib/gcc/avr/4.9.2/avr5\libgcc.a(_clear_bss.o)
 .text.libgcc.div
                0x00000000        0x0 c:/program files (x86)/atmel/studio/7.0/toolchain/avr8/avr8-gnu-toolchain/bin/../lib/gcc/avr/4.9.2/avr5\libgcc.a(_clear_bss.o)
 .text.libgcc   0x00000000        0x0 c:/program files (x86)/atmel/studio/7.0/toolchain/avr8/avr8-gnu-toolchain/bin/../lib/gcc/avr/4.9.2/avr5\libgcc.a(_clear_bss.o)
 .text.libgcc.prologue
                0x00000000        0x0 c:/program files (x86)/atmel/studio/7.0/toolchain/avr8/avr8-gnu-toolchain/bin/../lib/gcc/avr/4.9.2/avr5\libgcc.a(_clear_bss.o)
 .text.libgcc.builtins
                0x00000000        0x0 c:/program files (x86)/atmel/studio/7.0/toolchain/avr8/avr8-gnu-toolchain/bin/../lib/gcc/avr/4.9.2/avr5\libgcc.a(_clear_bss.o)
 .text.libgcc.fmul
                0x00000000        0x0 c:/program files (x86)/atmel/studio/7.0/toolchain/avr8/avr8-gnu-toolchain/bin/../lib/gcc/avr/4.9.2/avr5\libgcc.a(_clear_bss.o)
 .text.libgcc.fixed
                0x00000000        0x0 c:/program files (x86)/atmel/studio/7.0/toolchain/avr8/avr8-gnu-toolchain/bin/../lib/gcc/avr/4.9.2/avr5\libgcc.a(_clear_bss.o)

Memory Configuration

Name             Origin             Length             Attributes
text             0x00000000         0x00020000         xr
data             0x00800060         0x0000ffa0         rw !x
eeprom           0x00810000         0x00010000         rw !x
fuse             0x00820000         0x00000400         rw !x
lock             0x00830000         0x00000400         rw !x
signature        0x00840000         0x00000400         rw !x
user_signatures  0x00850000         0x00000400         rw !x
*default*        0x00000000         0xffffffff

Linker script and memory map

Address of section .data set to 0x800100
LOAD C:/Program Files (x86)/Atmel/Studio/7.0/Packs/atmel/ATmega_DFP/1.0.90/gcc/dev/atmega328p/avr5/crtatmega328p.o
LOAD aes128_dec.o
LOAD aes128_enc.o
LOAD aes192_dec.o
LOAD aes192_enc.o
LOAD aes256_dec.o
LOAD aes256_enc.o
LOAD aes_dec-asm.o
LOAD aes_dec-asm_faster.o
LOAD aes_dec.o
LOAD aes_enc-asm.o
LOAD aes_enc.o
LOAD aes_invsbox-asm.o
LOAD aes_invsbox.o
LOAD aes_keyschedule-asm.o
LOAD aes_keyschedule.o
LOAD aes_sbox-asm.o
LOAD aes_sbox.o
LOAD avr-asm-macros.o
LOAD gf256mul.o
LOAD keysize_descriptor.o
LOAD main.o
LOAD stack_measuring.o
START GROUP
LOAD c:/program files (x86)/atmel/studio/7.0/toolchain/avr8/avr8-gnu-toolchain/bin/../lib/gcc/avr/4.9.2/../../../../avr/lib/avr5\libm.a
END GROUP
START GROUP
LOAD c:/program files (x86)/atmel/studio/7.0/toolchain/avr8/avr8-gnu-toolchain/bin/../lib/gcc/avr/4.9.2/avr5\libgcc.a
LOAD c:/program files (x86)/atmel/studio/7.0/toolchain/avr8/avr8-gnu-toolchain/bin/../lib/gcc/avr/4.9.2/../../../../avr/lib/avr5\libm.a
LOAD c:/program files (x86)/atmel/studio/7.0/toolchain/avr8/avr8-gnu-toolchain/bin/../lib/gcc/avr/4.9.2/../../../../avr/lib/avr5\libc.a
LOAD C:/Program Files (x86)/Atmel/Studio/7.0/Packs/atmel/ATmega_DFP/1.0.90/gcc/dev/atmega328p/avr5\libatmega328p.a
END GROUP

.hash
 *(.hash)

.dynsym
 *(.dynsym)

.dynstr
 *(.dynstr)

.gnu.version
 *(.gnu.version)

.gnu.version_d
 *(.gnu.version_d)

.gnu.version_r
 *(.gnu.version_r)

.rel.init
 *(.rel.init)

.rela.init
 *(.rela.init)

.rel.text
 *(.rel.text)
 *(.rel.text.*)
 *(.rel.gnu.linkonce.t*)

.rela.text
 *(.rela.text)
 *(.rela.text.*)
 *(.rela.gnu.linkonce.t*)

.rel.fini
 *(.rel.fini)

.rela.fini
 *(.rela.fini)

.rel.rodata
 *(.rel.rodata)
 *(.rel.rodata.*)
 *(.rel.gnu.linkonce.r*)

.rela.rodata
 *(.rela.rodata)
 *(.rela.rodata.*)
 *(.rela.gnu.linkonce.r*)

.rel.data
 *(.rel.data)
 *(.rel.data.*)
 *(.rel.gnu.linkonce.d*)

.rela.data
 *(.rela.data)
 *(.rela.data.*)
 *(.rela.gnu.linkonce.d*)

.rel.ctors
 *(.rel.ctors)

.rela.ctors
 *(.rela.ctors)

.rel.dtors
 *(.rel.dtors)

.rela.dtors
 *(.rela.dtors)

.rel.got
 *(.rel.got)

.rela.got
 *(.rela.got)

.rel.bss
 *(.rel.bss)

.rela.bss
 *(.rela.bss)

.rel.plt
 *(.rel.plt)

.rela.plt
 *(.rela.plt)

.text           0x00000000       0xac
 *(.vectors)
 .vectors       0x00000000       0x68 C:/Program Files (x86)/Atmel/Studio/7.0/Packs/atmel/ATmega_DFP/1.0.90/gcc/dev/atmega328p/avr5/crtatmega328p.o
                0x00000000                __vector_default
                0x00000000                __vectors
 *(.vectors)
 *(.progmem.gcc*)
                0x00000068                . = ALIGN (0x2)
                0x00000068                __trampolines_start = .
 *(.trampolines)
 .trampolines   0x00000068        0x0 linker stubs
 *(.trampolines*)
                0x00000068                __trampolines_end = .
 *(.progmem*)
                0x00000068                . = ALIGN (0x2)
 *(.jumptables)
 *(.jumptables*)
 *(.lowtext)
 *(.lowtext*)
                0x00000068                __ctors_start = .
 *(.ctors)
                0x00000068                __ctors_end = .
                0x00000068                __dtors_start = .
 *(.dtors)
                0x00000068                __dtors_end = .
 SORT(*)(.ctors)
 SORT(*)(.dtors)
 *(.init0)
 .init0         0x00000068        0x0 C:/Program Files (x86)/Atmel/Studio/7.0/Packs/atmel/ATmega_DFP/1.0.90/gcc/dev/atmega328p/avr5/crtatmega328p.o
                0x00000068                __init
 *(.init0)
 *(.init1)
 *(.init1)
 *(.init2)
 .init2         0x00000068        0xc C:/Program Files (x86)/Atmel/Studio/7.0/Packs/atmel/ATmega_DFP/1.0.90/gcc/dev/atmega328p/avr5/crtatmega328p.o
 *(.init2)
 *(.init3)
 *(.init3)
 *(.init4)
 .init4         0x00000074       0x16 c:/program files (x86)/atmel/studio/7.0/toolchain/avr8/avr8-gnu-toolchain/bin/../lib/gcc/avr/4.9.2/avr5\libgcc.a(_copy_data.o)
                0x00000074                __do_copy_data
 .init4         0x0000008a       0x10 c:/program files (x86)/atmel/studio/7.0/toolchain/avr8/avr8-gnu-toolchain/bin/../lib/gcc/avr/4.9.2/avr5\libgcc.a(_clear_bss.o)
                0x0000008a                __do_clear_bss
 *(.init4)
 *(.init5)
 *(.init5)
 *(.init6)
 *(.init6)
 *(.init7)
 *(.init7)
 *(.init8)
 *(.init8)
 *(.init9)
 .init9         0x0000009a        0x8 C:/Program Files (x86)/Atmel/Studio/7.0/Packs/atmel/ATmega_DFP/1.0.90/gcc/dev/atmega328p/avr5/crtatmega328p.o
 *(.init9)
 *(.text)
 .text          0x000000a2        0x4 C:/Program Files (x86)/Atmel/Studio/7.0/Packs/atmel/ATmega_DFP/1.0.90/gcc/dev/atmega328p/avr5/crtatmega328p.o
                0x000000a2                __vector_22
                0x000000a2                __vector_1
                0x000000a2                __vector_24
                0x000000a2                __vector_12
                0x000000a2                __bad_interrupt
                0x000000a2                __vector_6
                0x000000a2                __vector_3
                0x000000a2                __vector_23
                0x000000a2                __vector_25
                0x000000a2                __vector_11
                0x000000a2                __vector_13
                0x000000a2                __vector_17
                0x000000a2                __vector_19
                0x000000a2                __vector_7
                0x000000a2                __vector_5
                0x000000a2                __vector_4
                0x000000a2                __vector_9
                0x000000a2                __vector_2
                0x000000a2                __vector_21
                0x000000a2                __vector_15
                0x000000a2                __vector_8
                0x000000a2                __vector_14
                0x000000a2                __vector_10
                0x000000a2                __vector_16
                0x000000a2                __vector_18
                0x000000a2                __vector_20
                0x000000a6                . = ALIGN (0x2)
 *(.text.*)
 .text.main     0x000000a6        0x2 main.o
                0x000000a6                main
                0x000000a8                . = ALIGN (0x2)
 *(.fini9)
 .fini9         0x000000a8        0x0 c:/program files (x86)/atmel/studio/7.0/toolchain/avr8/avr8-gnu-toolchain/bin/../lib/gcc/avr/4.9.2/avr5\libgcc.a(_exit.o)
                0x000000a8                _exit
                0x000000a8                exit
 *(.fini9)
 *(.fini8)
 *(.fini8)
 *(.fini7)
 *(.fini7)
 *(.fini6)
 *(.fini6)
 *(.fini5)
 *(.fini5)
 *(.fini4)
 *(.fini4)
 *(.fini3)
 *(.fini3)
 *(.fini2)
 *(.fini2)
 *(.fini1)
 *(.fini1)
 *(.fini0)
 .fini0         0x000000a8        0x4 c:/program files (x86)/atmel/studio/7.0/toolchain/avr8/avr8-gnu-toolchain/bin/../lib/gcc/avr/4.9.2/avr5\libgcc.a(_exit.o)
 *(.fini0)
                0x000000ac                _etext = .

.data           0x00800100        0x0 load address 0x000000ac
                0x00800100                PROVIDE (__data_start, .)
 *(.data)
 *(.data*)
 *(.rodata)
 *(.rodata*)
 *(.gnu.linkonce.d*)
                0x00800100                . = ALIGN (0x2)
                0x00800100                _edata = .
                0x00800100                PROVIDE (__data_end, .)

.bss            0x00800100        0x0
                0x00800100                PROVIDE (__bss_start, .)
 *(.bss)
 *(.bss*)
 *(COMMON)
                0x00800100                PROVIDE (__bss_end, .)
                0x000000ac                __data_load_start = LOADADDR (.data)
                0x000000ac                __data_load_end = (__data_load_start + SIZEOF (.data))

.noinit         0x00800060        0x0
                0x00800060                PROVIDE (__noinit_start, .)
 *(.noinit*)
                0x00800060                PROVIDE (__noinit_end, .)
                0x00800060                _end = .
                0x00800060                PROVIDE (__heap_start, .)

.eeprom         0x00810000        0x0
 *(.eeprom*)
                0x00810000                __eeprom_end = .

.fuse
 *(.fuse)
 *(.lfuse)
 *(.hfuse)
 *(.efuse)

.lock
 *(.lock*)

.signature
 *(.signature*)

.user_signatures
 *(.user_signatures*)

.stab
 *(.stab)

.stabstr
 *(.stabstr)

.stab.excl
 *(.stab.excl)

.stab.exclstr
 *(.stab.exclstr)

.stab.index
 *(.stab.index)

.stab.indexstr
 *(.stab.indexstr)

.comment        0x00000000       0x30
 *(.comment)
 .comment       0x00000000       0x30 main.o
                                 0x31 (size before relaxing)

.note.gnu.avr.deviceinfo
                0x00000000       0x40
 .note.gnu.avr.deviceinfo
                0x00000000       0x40 C:/Program Files (x86)/Atmel/Studio/7.0/Packs/atmel/ATmega_DFP/1.0.90/gcc/dev/atmega328p/avr5/crtatmega328p.o

.note.gnu.build-id
 *(.note.gnu.build-id)

.debug
 *(.debug)

.line
 *(.line)

.debug_srcinfo
 *(.debug_srcinfo)

.debug_sfnames
 *(.debug_sfnames)

.debug_aranges  0x00000000       0x20
 *(.debug_aranges)
 .debug_aranges
                0x00000000       0x20 main.o

.debug_pubnames
 *(.debug_pubnames)

.debug_info     0x00000000       0x7c
 *(.debug_info .gnu.linkonce.wi.*)
 .debug_info    0x00000000       0x7c main.o

.debug_abbrev   0x00000000       0x46
 *(.debug_abbrev)
 .debug_abbrev  0x00000000       0x46 main.o

.debug_line     0x00000000       0x3d
 *(.debug_line .debug_line.* .debug_line_end)
 .debug_line    0x00000000       0x3d main.o

.debug_frame    0x00000000       0x24
 *(.debug_frame)
 .debug_frame   0x00000000       0x24 main.o

.debug_str      0x00000000      0x12a
 *(.debug_str)
 .debug_str     0x00000000      0x12a main.o
                                0x15e (size before relaxing)

.debug_loc
 *(.debug_loc)

.debug_macinfo
 *(.debug_macinfo)

.debug_weaknames
 *(.debug_weaknames)

.debug_funcnames
 *(.debug_funcnames)

.debug_typenames
 *(.debug_typenames)

.debug_varnames
 *(.debug_varnames)

.debug_pubtypes
 *(.debug_pubtypes)

.debug_ranges   0x00000000       0x10
 *(.debug_ranges)
 .debug_ranges  0x00000000       0x10 main.o

.debug_macro
 *(.debug_macro)
OUTPUT(SI_lib.elf elf32-avr)
LOAD linker stubs
