Archive member included to satisfy reference by file (symbol)

c:/program files (x86)/atmel/studio/7.0/toolchain/avr8/avr8-gnu-toolchain/bin/../lib/gcc/avr/4.9.2/avr5\libgcc.a(_udivmodhi4.o)
                              cbc/keysize_descriptor.o (__udivmodhi4)
c:/program files (x86)/atmel/studio/7.0/toolchain/avr8/avr8-gnu-toolchain/bin/../lib/gcc/avr/4.9.2/avr5\libgcc.a(_exit.o)
                              C:/Program Files (x86)/Atmel/Studio/7.0/Packs/atmel/ATmega_DFP/1.0.90/gcc/dev/atmega328p/avr5/crtatmega328p.o (exit)
c:/program files (x86)/atmel/studio/7.0/toolchain/avr8/avr8-gnu-toolchain/bin/../lib/gcc/avr/4.9.2/avr5\libgcc.a(_copy_data.o)
                              Source files/cbc.o (__do_copy_data)
c:/program files (x86)/atmel/studio/7.0/toolchain/avr8/avr8-gnu-toolchain/bin/../lib/gcc/avr/4.9.2/avr5\libgcc.a(_clear_bss.o)
                              main.o (__do_clear_bss)
c:/program files (x86)/atmel/studio/7.0/toolchain/avr8/avr8-gnu-toolchain/bin/../lib/gcc/avr/4.9.2/../../../../avr/lib/avr5\libc.a(malloc.o)
                              cbc/bcal-basic.o (malloc)
c:/program files (x86)/atmel/studio/7.0/toolchain/avr8/avr8-gnu-toolchain/bin/../lib/gcc/avr/4.9.2/../../../../avr/lib/avr5\libc.a(memcpy.o)
                              aes/aes_keyschedule.o (memcpy)
c:/program files (x86)/atmel/studio/7.0/toolchain/avr8/avr8-gnu-toolchain/bin/../lib/gcc/avr/4.9.2/../../../../avr/lib/avr5\libc.a(sprintf.o)
                              Source files/cbc.o (sprintf)
c:/program files (x86)/atmel/studio/7.0/toolchain/avr8/avr8-gnu-toolchain/bin/../lib/gcc/avr/4.9.2/../../../../avr/lib/avr5\libc.a(vfprintf_std.o)
                              c:/program files (x86)/atmel/studio/7.0/toolchain/avr8/avr8-gnu-toolchain/bin/../lib/gcc/avr/4.9.2/../../../../avr/lib/avr5\libc.a(sprintf.o) (vfprintf)
c:/program files (x86)/atmel/studio/7.0/toolchain/avr8/avr8-gnu-toolchain/bin/../lib/gcc/avr/4.9.2/../../../../avr/lib/avr5\libc.a(strnlen_P.o)
                              c:/program files (x86)/atmel/studio/7.0/toolchain/avr8/avr8-gnu-toolchain/bin/../lib/gcc/avr/4.9.2/../../../../avr/lib/avr5\libc.a(vfprintf_std.o) (strnlen_P)
c:/program files (x86)/atmel/studio/7.0/toolchain/avr8/avr8-gnu-toolchain/bin/../lib/gcc/avr/4.9.2/../../../../avr/lib/avr5\libc.a(strnlen.o)
                              c:/program files (x86)/atmel/studio/7.0/toolchain/avr8/avr8-gnu-toolchain/bin/../lib/gcc/avr/4.9.2/../../../../avr/lib/avr5\libc.a(vfprintf_std.o) (strnlen)
c:/program files (x86)/atmel/studio/7.0/toolchain/avr8/avr8-gnu-toolchain/bin/../lib/gcc/avr/4.9.2/../../../../avr/lib/avr5\libc.a(fputc.o)
                              c:/program files (x86)/atmel/studio/7.0/toolchain/avr8/avr8-gnu-toolchain/bin/../lib/gcc/avr/4.9.2/../../../../avr/lib/avr5\libc.a(vfprintf_std.o) (fputc)
c:/program files (x86)/atmel/studio/7.0/toolchain/avr8/avr8-gnu-toolchain/bin/../lib/gcc/avr/4.9.2/../../../../avr/lib/avr5\libc.a(ultoa_invert.o)
                              c:/program files (x86)/atmel/studio/7.0/toolchain/avr8/avr8-gnu-toolchain/bin/../lib/gcc/avr/4.9.2/../../../../avr/lib/avr5\libc.a(vfprintf_std.o) (__ultoa_invert)
c:/program files (x86)/atmel/studio/7.0/toolchain/avr8/avr8-gnu-toolchain/bin/../lib/gcc/avr/4.9.2/avr5\libgcc.a(_prologue.o)
                              c:/program files (x86)/atmel/studio/7.0/toolchain/avr8/avr8-gnu-toolchain/bin/../lib/gcc/avr/4.9.2/../../../../avr/lib/avr5\libc.a(sprintf.o) (__prologue_saves__)
c:/program files (x86)/atmel/studio/7.0/toolchain/avr8/avr8-gnu-toolchain/bin/../lib/gcc/avr/4.9.2/avr5\libgcc.a(_epilogue.o)
                              c:/program files (x86)/atmel/studio/7.0/toolchain/avr8/avr8-gnu-toolchain/bin/../lib/gcc/avr/4.9.2/../../../../avr/lib/avr5\libc.a(sprintf.o) (__epilogue_restores__)

Allocating common symbols
Common symbol       size              file

REC                 0x1               main.o
bctx                0xb               Source files/cbc.o
__brkval            0x2               c:/program files (x86)/atmel/studio/7.0/toolchain/avr8/avr8-gnu-toolchain/bin/../lib/gcc/avr/4.9.2/../../../../avr/lib/avr5\libc.a(malloc.o)
ctx                 0xf0              Source files/cbc.o
buffer2             0x1e              Source files/ctr.o
i                   0x1               Source files/cbc.o
buffer1             0xa               Source files/encrypt.o
__flp               0x2               c:/program files (x86)/atmel/studio/7.0/toolchain/avr8/avr8-gnu-toolchain/bin/../lib/gcc/avr/4.9.2/../../../../avr/lib/avr5\libc.a(malloc.o)

Discarded input sections

 .data          0x00000000        0x0 C:/Program Files (x86)/Atmel/Studio/7.0/Packs/atmel/ATmega_DFP/1.0.90/gcc/dev/atmega328p/avr5/crtatmega328p.o
 .bss           0x00000000        0x0 C:/Program Files (x86)/Atmel/Studio/7.0/Packs/atmel/ATmega_DFP/1.0.90/gcc/dev/atmega328p/avr5/crtatmega328p.o
 .text          0x00000000        0x0 aes/aes128_dec.o
 .data          0x00000000        0x0 aes/aes128_dec.o
 .bss           0x00000000        0x0 aes/aes128_dec.o
 .text.aes128_dec
                0x00000000        0x8 aes/aes128_dec.o
 .debug_info    0x00000000      0x1c0 aes/aes128_dec.o
 .debug_abbrev  0x00000000       0xe7 aes/aes128_dec.o
 .debug_loc     0x00000000       0x4c aes/aes128_dec.o
 .debug_aranges
                0x00000000       0x20 aes/aes128_dec.o
 .debug_ranges  0x00000000       0x10 aes/aes128_dec.o
 .debug_line    0x00000000       0xbf aes/aes128_dec.o
 .debug_str     0x00000000      0x1c9 aes/aes128_dec.o
 .comment       0x00000000       0x31 aes/aes128_dec.o
 .debug_frame   0x00000000       0x24 aes/aes128_dec.o
 .text          0x00000000        0x0 aes/aes128_enc.o
 .data          0x00000000        0x0 aes/aes128_enc.o
 .bss           0x00000000        0x0 aes/aes128_enc.o
 .text.aes128_enc
                0x00000000        0x8 aes/aes128_enc.o
 .debug_info    0x00000000      0x1c0 aes/aes128_enc.o
 .debug_abbrev  0x00000000       0xe7 aes/aes128_enc.o
 .debug_loc     0x00000000       0x4c aes/aes128_enc.o
 .debug_aranges
                0x00000000       0x20 aes/aes128_enc.o
 .debug_ranges  0x00000000       0x10 aes/aes128_enc.o
 .debug_line    0x00000000       0xbf aes/aes128_enc.o
 .debug_str     0x00000000      0x1c9 aes/aes128_enc.o
 .comment       0x00000000       0x31 aes/aes128_enc.o
 .debug_frame   0x00000000       0x24 aes/aes128_enc.o
 .text          0x00000000        0x0 aes/aes192_dec.o
 .data          0x00000000        0x0 aes/aes192_dec.o
 .bss           0x00000000        0x0 aes/aes192_dec.o
 .text.aes192_dec
                0x00000000        0x8 aes/aes192_dec.o
 .debug_info    0x00000000      0x1c0 aes/aes192_dec.o
 .debug_abbrev  0x00000000       0xe7 aes/aes192_dec.o
 .debug_loc     0x00000000       0x4c aes/aes192_dec.o
 .debug_aranges
                0x00000000       0x20 aes/aes192_dec.o
 .debug_ranges  0x00000000       0x10 aes/aes192_dec.o
 .debug_line    0x00000000       0xbf aes/aes192_dec.o
 .debug_str     0x00000000      0x1c9 aes/aes192_dec.o
 .comment       0x00000000       0x31 aes/aes192_dec.o
 .debug_frame   0x00000000       0x24 aes/aes192_dec.o
 .text          0x00000000        0x0 aes/aes192_enc.o
 .data          0x00000000        0x0 aes/aes192_enc.o
 .bss           0x00000000        0x0 aes/aes192_enc.o
 .text.aes192_enc
                0x00000000        0x8 aes/aes192_enc.o
 .debug_info    0x00000000      0x1c0 aes/aes192_enc.o
 .debug_abbrev  0x00000000       0xe7 aes/aes192_enc.o
 .debug_loc     0x00000000       0x4c aes/aes192_enc.o
 .debug_aranges
                0x00000000       0x20 aes/aes192_enc.o
 .debug_ranges  0x00000000       0x10 aes/aes192_enc.o
 .debug_line    0x00000000       0xbf aes/aes192_enc.o
 .debug_str     0x00000000      0x1c9 aes/aes192_enc.o
 .comment       0x00000000       0x31 aes/aes192_enc.o
 .debug_frame   0x00000000       0x24 aes/aes192_enc.o
 .text          0x00000000        0x0 aes/aes256_dec.o
 .data          0x00000000        0x0 aes/aes256_dec.o
 .bss           0x00000000        0x0 aes/aes256_dec.o
 .text.aes256_dec
                0x00000000        0x8 aes/aes256_dec.o
 .debug_info    0x00000000      0x1c0 aes/aes256_dec.o
 .debug_abbrev  0x00000000       0xe7 aes/aes256_dec.o
 .debug_loc     0x00000000       0x4c aes/aes256_dec.o
 .debug_aranges
                0x00000000       0x20 aes/aes256_dec.o
 .debug_ranges  0x00000000       0x10 aes/aes256_dec.o
 .debug_line    0x00000000       0xbf aes/aes256_dec.o
 .debug_str     0x00000000      0x1c9 aes/aes256_dec.o
 .comment       0x00000000       0x31 aes/aes256_dec.o
 .debug_frame   0x00000000       0x24 aes/aes256_dec.o
 .text          0x00000000        0x0 aes/aes256_enc.o
 .data          0x00000000        0x0 aes/aes256_enc.o
 .bss           0x00000000        0x0 aes/aes256_enc.o
 .text.aes256_enc
                0x00000000        0x8 aes/aes256_enc.o
 .debug_info    0x00000000      0x1c0 aes/aes256_enc.o
 .debug_abbrev  0x00000000       0xe7 aes/aes256_enc.o
 .debug_loc     0x00000000       0x4c aes/aes256_enc.o
 .debug_aranges
                0x00000000       0x20 aes/aes256_enc.o
 .debug_ranges  0x00000000       0x10 aes/aes256_enc.o
 .debug_line    0x00000000       0xbf aes/aes256_enc.o
 .debug_str     0x00000000      0x1c9 aes/aes256_enc.o
 .comment       0x00000000       0x31 aes/aes256_enc.o
 .debug_frame   0x00000000       0x24 aes/aes256_enc.o
 .text          0x00000000        0x0 aes/aes_dec.o
 .data          0x00000000        0x0 aes/aes_dec.o
 .bss           0x00000000        0x0 aes/aes_dec.o
 .text.aes_invshiftrow
                0x00000000       0x5e aes/aes_dec.o
 .text.aes_invshiftcol
                0x00000000       0xb2 aes/aes_dec.o
 .text.aes_decrypt_core
                0x00000000      0x23c aes/aes_dec.o
 .debug_info    0x00000000      0x565 aes/aes_dec.o
 .debug_abbrev  0x00000000      0x1f1 aes/aes_dec.o
 .debug_loc     0x00000000      0x525 aes/aes_dec.o
 .debug_aranges
                0x00000000       0x30 aes/aes_dec.o
 .debug_ranges  0x00000000       0x20 aes/aes_dec.o
 .debug_line    0x00000000      0x138 aes/aes_dec.o
 .debug_str     0x00000000      0x230 aes/aes_dec.o
 .comment       0x00000000       0x31 aes/aes_dec.o
 .debug_frame   0x00000000       0xb4 aes/aes_dec.o
 .text          0x00000000        0x0 aes/aes_enc.o
 .data          0x00000000        0x0 aes/aes_enc.o
 .bss           0x00000000        0x0 aes/aes_enc.o
 .text.aes_shiftcol
                0x00000000       0xa0 aes/aes_enc.o
 .text.aes_encrypt_core
                0x00000000      0x256 aes/aes_enc.o
 .debug_info    0x00000000      0x473 aes/aes_enc.o
 .debug_abbrev  0x00000000      0x1e0 aes/aes_enc.o
 .debug_loc     0x00000000      0x3a2 aes/aes_enc.o
 .debug_aranges
                0x00000000       0x28 aes/aes_enc.o
 .debug_ranges  0x00000000       0x18 aes/aes_enc.o
 .debug_line    0x00000000      0x126 aes/aes_enc.o
 .debug_str     0x00000000      0x219 aes/aes_enc.o
 .comment       0x00000000       0x31 aes/aes_enc.o
 .debug_frame   0x00000000       0xa4 aes/aes_enc.o
 .text          0x00000000        0x0 aes/aes_invsbox.o
 .data          0x00000000        0x0 aes/aes_invsbox.o
 .bss           0x00000000        0x0 aes/aes_invsbox.o
 .progmem.data.aes_invsbox
                0x00000000      0x100 aes/aes_invsbox.o
 .debug_info    0x00000000       0x8f aes/aes_invsbox.o
 .debug_abbrev  0x00000000       0x5d aes/aes_invsbox.o
 .debug_aranges
                0x00000000       0x18 aes/aes_invsbox.o
 .debug_line    0x00000000       0x94 aes/aes_invsbox.o
 .debug_str     0x00000000      0x177 aes/aes_invsbox.o
 .comment       0x00000000       0x31 aes/aes_invsbox.o
 .text          0x00000000        0x0 aes/aes_keyschedule.o
 .data          0x00000000        0x0 aes/aes_keyschedule.o
 .bss           0x00000000        0x0 aes/aes_keyschedule.o
 .text.aes_init
                0x00000000      0x160 aes/aes_keyschedule.o
 .text.aes128_init
                0x00000000        0xc aes/aes_keyschedule.o
 .text.aes192_init
                0x00000000        0xc aes/aes_keyschedule.o
 .text.aes256_init
                0x00000000        0xc aes/aes_keyschedule.o
 .progmem.data.rc_tab
                0x00000000        0xa aes/aes_keyschedule.o
 .debug_info    0x00000000      0x5e9 aes/aes_keyschedule.o
 .debug_abbrev  0x00000000      0x1d2 aes/aes_keyschedule.o
 .debug_loc     0x00000000      0x480 aes/aes_keyschedule.o
 .debug_aranges
                0x00000000       0x38 aes/aes_keyschedule.o
 .debug_ranges  0x00000000       0x28 aes/aes_keyschedule.o
 .debug_line    0x00000000      0x12e aes/aes_keyschedule.o
 .debug_str     0x00000000      0x238 aes/aes_keyschedule.o
 .comment       0x00000000       0x31 aes/aes_keyschedule.o
 .debug_frame   0x00000000       0x8c aes/aes_keyschedule.o
 .text          0x00000000        0x0 aes/aes_sbox.o
 .data          0x00000000        0x0 aes/aes_sbox.o
 .bss           0x00000000        0x0 aes/aes_sbox.o
 .progmem.data.aes_sbox
                0x00000000      0x100 aes/aes_sbox.o
 .debug_info    0x00000000       0x8f aes/aes_sbox.o
 .debug_abbrev  0x00000000       0x5d aes/aes_sbox.o
 .debug_aranges
                0x00000000       0x18 aes/aes_sbox.o
 .debug_line    0x00000000       0x91 aes/aes_sbox.o
 .debug_str     0x00000000      0x171 aes/aes_sbox.o
 .comment       0x00000000       0x31 aes/aes_sbox.o
 .text          0x00000000       0x1a aes/gf256mul.o
 .data          0x00000000        0x0 aes/gf256mul.o
 .bss           0x00000000        0x0 aes/gf256mul.o
 .debug_line    0x00000000       0x4a aes/gf256mul.o
 .debug_info    0x00000000       0x6d aes/gf256mul.o
 .debug_abbrev  0x00000000       0x14 aes/gf256mul.o
 .debug_aranges
                0x00000000       0x20 aes/gf256mul.o
 .text          0x00000000        0x0 cbc/bcal-basic.o
 .data          0x00000000        0x0 cbc/bcal-basic.o
 .bss           0x00000000        0x0 cbc/bcal-basic.o
 .text.bcal_cipher_init
                0x00000000       0xd6 cbc/bcal-basic.o
 .text.bcal_cipher_free
                0x00000000       0x30 cbc/bcal-basic.o
 .text.bcal_cipher_enc
                0x00000000       0x1e cbc/bcal-basic.o
 .text.bcal_cipher_dec
                0x00000000       0x1e cbc/bcal-basic.o
 .text.bcal_cipher_getBlocksize_b
                0x00000000        0xa cbc/bcal-basic.o
 .text.bcal_cipher_getKeysizeDesc
                0x00000000        0xa cbc/bcal-basic.o
 .debug_info    0x00000000      0x70a cbc/bcal-basic.o
 .debug_abbrev  0x00000000      0x200 cbc/bcal-basic.o
 .debug_loc     0x00000000      0x465 cbc/bcal-basic.o
 .debug_aranges
                0x00000000       0x48 cbc/bcal-basic.o
 .debug_ranges  0x00000000       0x38 cbc/bcal-basic.o
 .debug_line    0x00000000      0x1c7 cbc/bcal-basic.o
 .debug_str     0x00000000      0x396 cbc/bcal-basic.o
 .comment       0x00000000       0x31 cbc/bcal-basic.o
 .debug_frame   0x00000000       0xb8 cbc/bcal-basic.o
 .text          0x00000000        0x0 cbc/bcal-cbc.o
 .data          0x00000000        0x0 cbc/bcal-cbc.o
 .bss           0x00000000        0x0 cbc/bcal-cbc.o
 .text.bcal_cbc_init
                0x00000000       0x6c cbc/bcal-cbc.o
 .text.bcal_cbc_free
                0x00000000       0x1a cbc/bcal-cbc.o
 .text.bcal_cbc_loadIV
                0x00000000       0x16 cbc/bcal-cbc.o
 .text.bcal_cbc_encNext
                0x00000000       0x3c cbc/bcal-cbc.o
 .text.bcal_cbc_decNext
                0x00000000       0x94 cbc/bcal-cbc.o
 .text.bcal_cbc_decRand
                0x00000000       0x38 cbc/bcal-cbc.o
 .text.bcal_cbc_encMsg
                0x00000000       0x3e cbc/bcal-cbc.o
 .text.bcal_cbc_decMsg
                0x00000000       0x78 cbc/bcal-cbc.o
 .debug_info    0x00000000      0x929 cbc/bcal-cbc.o
 .debug_abbrev  0x00000000      0x1de cbc/bcal-cbc.o
 .debug_loc     0x00000000      0x7a0 cbc/bcal-cbc.o
 .debug_aranges
                0x00000000       0x58 cbc/bcal-cbc.o
 .debug_ranges  0x00000000       0x48 cbc/bcal-cbc.o
 .debug_line    0x00000000      0x178 cbc/bcal-cbc.o
 .debug_str     0x00000000      0x3d5 cbc/bcal-cbc.o
 .comment       0x00000000       0x31 cbc/bcal-cbc.o
 .debug_frame   0x00000000      0x17c cbc/bcal-cbc.o
 .text          0x00000000        0x0 cbc/bcal_aes256.o
 .data          0x00000000        0x0 cbc/bcal_aes256.o
 .bss           0x00000000        0x0 cbc/bcal_aes256.o
 .progmem.data.aes256_desc
                0x00000000       0x12 cbc/bcal_aes256.o
 .progmem.data.aes256_keysize_desc
                0x00000000        0x5 cbc/bcal_aes256.o
 .progmem.data.aes256_str
                0x00000000        0x8 cbc/bcal_aes256.o
 .debug_info    0x00000000      0x2f3 cbc/bcal_aes256.o
 .debug_abbrev  0x00000000       0xce cbc/bcal_aes256.o
 .debug_aranges
                0x00000000       0x18 cbc/bcal_aes256.o
 .debug_line    0x00000000       0xb0 cbc/bcal_aes256.o
 .debug_str     0x00000000      0x2aa cbc/bcal_aes256.o
 .comment       0x00000000       0x31 cbc/bcal_aes256.o
 .text          0x00000000        0x0 cbc/keysize_descriptor.o
 .data          0x00000000        0x0 cbc/keysize_descriptor.o
 .bss           0x00000000        0x0 cbc/keysize_descriptor.o
 .text.is_valid_keysize_P
                0x00000000       0xd4 cbc/keysize_descriptor.o
 .text.get_keysize
                0x00000000       0x14 cbc/keysize_descriptor.o
 .text.get_keysizes
                0x00000000      0x216 cbc/keysize_descriptor.o
 .debug_info    0x00000000      0x62e cbc/keysize_descriptor.o
 .debug_abbrev  0x00000000      0x137 cbc/keysize_descriptor.o
 .debug_loc     0x00000000      0xc25 cbc/keysize_descriptor.o
 .debug_aranges
                0x00000000       0x30 cbc/keysize_descriptor.o
 .debug_ranges  0x00000000       0xb0 cbc/keysize_descriptor.o
 .debug_line    0x00000000      0x1e3 cbc/keysize_descriptor.o
 .debug_str     0x00000000      0x201 cbc/keysize_descriptor.o
 .comment       0x00000000       0x31 cbc/keysize_descriptor.o
 .debug_frame   0x00000000       0xa0 cbc/keysize_descriptor.o
 .text          0x00000000       0x18 cbc/memxor.o
 .data          0x00000000        0x0 cbc/memxor.o
 .bss           0x00000000        0x0 cbc/memxor.o
 .debug_line    0x00000000       0x47 cbc/memxor.o
 .debug_info    0x00000000       0x6b cbc/memxor.o
 .debug_abbrev  0x00000000       0x14 cbc/memxor.o
 .debug_aranges
                0x00000000       0x20 cbc/memxor.o
 .text          0x00000000        0x0 ctr/aes256_ctr.o
 .data          0x00000000        0x0 ctr/aes256_ctr.o
 .bss           0x00000000        0x0 ctr/aes256_ctr.o
 .text.aesCtrCompare
                0x00000000       0x50 ctr/aes256_ctr.o
 .text.aes256CtrDecrypt
                0x00000000        0x6 ctr/aes256_ctr.o
 .text.aes256CtrClean
                0x00000000       0x10 ctr/aes256_ctr.o
 .text          0x00000000        0x0 ctr/aes_ctr.o
 .data          0x00000000        0x0 ctr/aes_ctr.o
 .bss           0x00000000        0x0 ctr/aes_ctr.o
 .text.aes_subBytes_inv
                0x00000000       0x1c ctr/aes_ctr.o
 .text.aes_shiftRows_inv
                0x00000000       0x34 ctr/aes_ctr.o
 .text.aes_mixColumns_inv
                0x00000000      0x128 ctr/aes_ctr.o
 .text.aes_expandDecKey
                0x00000000      0x21c ctr/aes_ctr.o
 .text.aes256_done
                0x00000000       0x26 ctr/aes_ctr.o
 .text.aes256_decrypt_ecb
                0x00000000       0xb2 ctr/aes_ctr.o
 .progmem.data.sboxinv
                0x00000000      0x100 ctr/aes_ctr.o
 .text          0x00000000        0x0 main.o
 .data          0x00000000        0x0 main.o
 .bss           0x00000000        0x0 main.o
 .text          0x00000000        0x0 Source files/adc.o
 .data          0x00000000        0x0 Source files/adc.o
 .bss           0x00000000        0x0 Source files/adc.o
 .text          0x00000000        0x0 Source files/cbc.o
 .data          0x00000000        0x0 Source files/cbc.o
 .bss           0x00000000        0x0 Source files/cbc.o
 .text.unprint  0x00000000       0x3c Source files/cbc.o
 .rodata.str1.1
                0x00000000        0x5 Source files/cbc.o
 .text.cbc      0x00000000       0xce Source files/cbc.o
 .data.iv       0x00000000       0x10 Source files/cbc.o
 .data.key      0x00000000       0x20 Source files/cbc.o
 .debug_info    0x00000000      0x6fe Source files/cbc.o
 .debug_abbrev  0x00000000      0x1e4 Source files/cbc.o
 .debug_loc     0x00000000       0xf4 Source files/cbc.o
 .debug_aranges
                0x00000000       0x28 Source files/cbc.o
 .debug_ranges  0x00000000       0x18 Source files/cbc.o
 .debug_line    0x00000000      0x174 Source files/cbc.o
 .debug_str     0x00000000      0x383 Source files/cbc.o
 .comment       0x00000000       0x31 Source files/cbc.o
 .debug_frame   0x00000000       0x5c Source files/cbc.o
 COMMON         0x00000000       0xfc Source files/cbc.o
 .text          0x00000000        0x0 Source files/conversion.o
 .data          0x00000000        0x0 Source files/conversion.o
 .bss           0x00000000        0x0 Source files/conversion.o
 .text          0x00000000        0x0 Source files/ctr.o
 .data          0x00000000        0x0 Source files/ctr.o
 .bss           0x00000000        0x0 Source files/ctr.o
 .text.ctr_enc  0x00000000       0xc4 Source files/ctr.o
 .rodata        0x00000000       0x21 Source files/ctr.o
 .text.ctr_dec  0x00000000       0x5e Source files/ctr.o
 COMMON         0x00000000       0x1e Source files/ctr.o
 .text          0x00000000        0x0 Source files/encrypt.o
 .data          0x00000000        0x0 Source files/encrypt.o
 .bss           0x00000000        0x0 Source files/encrypt.o
 .rodata.str1.1
                0x00000000       0x15 Source files/encrypt.o
 .rodata        0x00000000       0x41 Source files/encrypt.o
 .text.encrypt  0x00000000       0xbc Source files/encrypt.o
 .text.decrypt_ecb
                0x00000000       0x56 Source files/encrypt.o
 .text.encrypt_8b
                0x00000000      0x152 Source files/encrypt.o
 .debug_info    0x00000000      0x5c1 Source files/encrypt.o
 .debug_abbrev  0x00000000      0x174 Source files/encrypt.o
 .debug_loc     0x00000000      0x19e Source files/encrypt.o
 .debug_aranges
                0x00000000       0x30 Source files/encrypt.o
 .debug_ranges  0x00000000       0x20 Source files/encrypt.o
 .debug_line    0x00000000      0x1aa Source files/encrypt.o
 .debug_str     0x00000000      0x235 Source files/encrypt.o
 .comment       0x00000000       0x31 Source files/encrypt.o
 .debug_frame   0x00000000       0x9c Source files/encrypt.o
 COMMON         0x00000000        0xa Source files/encrypt.o
 .text          0x00000000        0x0 Source files/serial.o
 .data          0x00000000        0x0 Source files/serial.o
 .bss           0x00000000        0x0 Source files/serial.o
 .text.USART_Receive
                0x00000000       0x10 Source files/serial.o
 .text.UsartWrite
                0x00000000       0x54 Source files/serial.o
 .text          0x00000000        0x0 c:/program files (x86)/atmel/studio/7.0/toolchain/avr8/avr8-gnu-toolchain/bin/../lib/gcc/avr/4.9.2/avr5\libgcc.a(_udivmodhi4.o)
 .data          0x00000000        0x0 c:/program files (x86)/atmel/studio/7.0/toolchain/avr8/avr8-gnu-toolchain/bin/../lib/gcc/avr/4.9.2/avr5\libgcc.a(_udivmodhi4.o)
 .bss           0x00000000        0x0 c:/program files (x86)/atmel/studio/7.0/toolchain/avr8/avr8-gnu-toolchain/bin/../lib/gcc/avr/4.9.2/avr5\libgcc.a(_udivmodhi4.o)
 .text.libgcc.mul
                0x00000000        0x0 c:/program files (x86)/atmel/studio/7.0/toolchain/avr8/avr8-gnu-toolchain/bin/../lib/gcc/avr/4.9.2/avr5\libgcc.a(_udivmodhi4.o)
 .text.libgcc   0x00000000        0x0 c:/program files (x86)/atmel/studio/7.0/toolchain/avr8/avr8-gnu-toolchain/bin/../lib/gcc/avr/4.9.2/avr5\libgcc.a(_udivmodhi4.o)
 .text.libgcc.prologue
                0x00000000        0x0 c:/program files (x86)/atmel/studio/7.0/toolchain/avr8/avr8-gnu-toolchain/bin/../lib/gcc/avr/4.9.2/avr5\libgcc.a(_udivmodhi4.o)
 .text.libgcc.builtins
                0x00000000        0x0 c:/program files (x86)/atmel/studio/7.0/toolchain/avr8/avr8-gnu-toolchain/bin/../lib/gcc/avr/4.9.2/avr5\libgcc.a(_udivmodhi4.o)
 .text.libgcc.fmul
                0x00000000        0x0 c:/program files (x86)/atmel/studio/7.0/toolchain/avr8/avr8-gnu-toolchain/bin/../lib/gcc/avr/4.9.2/avr5\libgcc.a(_udivmodhi4.o)
 .text.libgcc.fixed
                0x00000000        0x0 c:/program files (x86)/atmel/studio/7.0/toolchain/avr8/avr8-gnu-toolchain/bin/../lib/gcc/avr/4.9.2/avr5\libgcc.a(_udivmodhi4.o)
 .text          0x00000000        0x0 c:/program files (x86)/atmel/studio/7.0/toolchain/avr8/avr8-gnu-toolchain/bin/../lib/gcc/avr/4.9.2/avr5\libgcc.a(_exit.o)
 .data          0x00000000        0x0 c:/program files (x86)/atmel/studio/7.0/toolchain/avr8/avr8-gnu-toolchain/bin/../lib/gcc/avr/4.9.2/avr5\libgcc.a(_exit.o)
 .bss           0x00000000        0x0 c:/program files (x86)/atmel/studio/7.0/toolchain/avr8/avr8-gnu-toolchain/bin/../lib/gcc/avr/4.9.2/avr5\libgcc.a(_exit.o)
 .text.libgcc.mul
                0x00000000        0x0 c:/program files (x86)/atmel/studio/7.0/toolchain/avr8/avr8-gnu-toolchain/bin/../lib/gcc/avr/4.9.2/avr5\libgcc.a(_exit.o)
 .text.libgcc.div
                0x00000000        0x0 c:/program files (x86)/atmel/studio/7.0/toolchain/avr8/avr8-gnu-toolchain/bin/../lib/gcc/avr/4.9.2/avr5\libgcc.a(_exit.o)
 .text.libgcc   0x00000000        0x0 c:/program files (x86)/atmel/studio/7.0/toolchain/avr8/avr8-gnu-toolchain/bin/../lib/gcc/avr/4.9.2/avr5\libgcc.a(_exit.o)
 .text.libgcc.prologue
                0x00000000        0x0 c:/program files (x86)/atmel/studio/7.0/toolchain/avr8/avr8-gnu-toolchain/bin/../lib/gcc/avr/4.9.2/avr5\libgcc.a(_exit.o)
 .text.libgcc.builtins
                0x00000000        0x0 c:/program files (x86)/atmel/studio/7.0/toolchain/avr8/avr8-gnu-toolchain/bin/../lib/gcc/avr/4.9.2/avr5\libgcc.a(_exit.o)
 .text.libgcc.fmul
                0x00000000        0x0 c:/program files (x86)/atmel/studio/7.0/toolchain/avr8/avr8-gnu-toolchain/bin/../lib/gcc/avr/4.9.2/avr5\libgcc.a(_exit.o)
 .text.libgcc.fixed
                0x00000000        0x0 c:/program files (x86)/atmel/studio/7.0/toolchain/avr8/avr8-gnu-toolchain/bin/../lib/gcc/avr/4.9.2/avr5\libgcc.a(_exit.o)
 .text          0x00000000        0x0 c:/program files (x86)/atmel/studio/7.0/toolchain/avr8/avr8-gnu-toolchain/bin/../lib/gcc/avr/4.9.2/avr5\libgcc.a(_copy_data.o)
 .data          0x00000000        0x0 c:/program files (x86)/atmel/studio/7.0/toolchain/avr8/avr8-gnu-toolchain/bin/../lib/gcc/avr/4.9.2/avr5\libgcc.a(_copy_data.o)
 .bss           0x00000000        0x0 c:/program files (x86)/atmel/studio/7.0/toolchain/avr8/avr8-gnu-toolchain/bin/../lib/gcc/avr/4.9.2/avr5\libgcc.a(_copy_data.o)
 .text.libgcc.mul
                0x00000000        0x0 c:/program files (x86)/atmel/studio/7.0/toolchain/avr8/avr8-gnu-toolchain/bin/../lib/gcc/avr/4.9.2/avr5\libgcc.a(_copy_data.o)
 .text.libgcc.div
                0x00000000        0x0 c:/program files (x86)/atmel/studio/7.0/toolchain/avr8/avr8-gnu-toolchain/bin/../lib/gcc/avr/4.9.2/avr5\libgcc.a(_copy_data.o)
 .text.libgcc   0x00000000        0x0 c:/program files (x86)/atmel/studio/7.0/toolchain/avr8/avr8-gnu-toolchain/bin/../lib/gcc/avr/4.9.2/avr5\libgcc.a(_copy_data.o)
 .text.libgcc.prologue
                0x00000000        0x0 c:/program files (x86)/atmel/studio/7.0/toolchain/avr8/avr8-gnu-toolchain/bin/../lib/gcc/avr/4.9.2/avr5\libgcc.a(_copy_data.o)
 .text.libgcc.builtins
                0x00000000        0x0 c:/program files (x86)/atmel/studio/7.0/toolchain/avr8/avr8-gnu-toolchain/bin/../lib/gcc/avr/4.9.2/avr5\libgcc.a(_copy_data.o)
 .text.libgcc.fmul
                0x00000000        0x0 c:/program files (x86)/atmel/studio/7.0/toolchain/avr8/avr8-gnu-toolchain/bin/../lib/gcc/avr/4.9.2/avr5\libgcc.a(_copy_data.o)
 .text.libgcc.fixed
                0x00000000        0x0 c:/program files (x86)/atmel/studio/7.0/toolchain/avr8/avr8-gnu-toolchain/bin/../lib/gcc/avr/4.9.2/avr5\libgcc.a(_copy_data.o)
 .text          0x00000000        0x0 c:/program files (x86)/atmel/studio/7.0/toolchain/avr8/avr8-gnu-toolchain/bin/../lib/gcc/avr/4.9.2/avr5\libgcc.a(_clear_bss.o)
 .data          0x00000000        0x0 c:/program files (x86)/atmel/studio/7.0/toolchain/avr8/avr8-gnu-toolchain/bin/../lib/gcc/avr/4.9.2/avr5\libgcc.a(_clear_bss.o)
 .bss           0x00000000        0x0 c:/program files (x86)/atmel/studio/7.0/toolchain/avr8/avr8-gnu-toolchain/bin/../lib/gcc/avr/4.9.2/avr5\libgcc.a(_clear_bss.o)
 .text.libgcc.mul
                0x00000000        0x0 c:/program files (x86)/atmel/studio/7.0/toolchain/avr8/avr8-gnu-toolchain/bin/../lib/gcc/avr/4.9.2/avr5\libgcc.a(_clear_bss.o)
 .text.libgcc.div
                0x00000000        0x0 c:/program files (x86)/atmel/studio/7.0/toolchain/avr8/avr8-gnu-toolchain/bin/../lib/gcc/avr/4.9.2/avr5\libgcc.a(_clear_bss.o)
 .text.libgcc   0x00000000        0x0 c:/program files (x86)/atmel/studio/7.0/toolchain/avr8/avr8-gnu-toolchain/bin/../lib/gcc/avr/4.9.2/avr5\libgcc.a(_clear_bss.o)
 .text.libgcc.prologue
                0x00000000        0x0 c:/program files (x86)/atmel/studio/7.0/toolchain/avr8/avr8-gnu-toolchain/bin/../lib/gcc/avr/4.9.2/avr5\libgcc.a(_clear_bss.o)
 .text.libgcc.builtins
                0x00000000        0x0 c:/program files (x86)/atmel/studio/7.0/toolchain/avr8/avr8-gnu-toolchain/bin/../lib/gcc/avr/4.9.2/avr5\libgcc.a(_clear_bss.o)
 .text.libgcc.fmul
                0x00000000        0x0 c:/program files (x86)/atmel/studio/7.0/toolchain/avr8/avr8-gnu-toolchain/bin/../lib/gcc/avr/4.9.2/avr5\libgcc.a(_clear_bss.o)
 .text.libgcc.fixed
                0x00000000        0x0 c:/program files (x86)/atmel/studio/7.0/toolchain/avr8/avr8-gnu-toolchain/bin/../lib/gcc/avr/4.9.2/avr5\libgcc.a(_clear_bss.o)
 .text          0x00000000        0x0 c:/program files (x86)/atmel/studio/7.0/toolchain/avr8/avr8-gnu-toolchain/bin/../lib/gcc/avr/4.9.2/../../../../avr/lib/avr5\libc.a(malloc.o)
 .data          0x00000000        0x6 c:/program files (x86)/atmel/studio/7.0/toolchain/avr8/avr8-gnu-toolchain/bin/../lib/gcc/avr/4.9.2/../../../../avr/lib/avr5\libc.a(malloc.o)
 .bss           0x00000000        0x0 c:/program files (x86)/atmel/studio/7.0/toolchain/avr8/avr8-gnu-toolchain/bin/../lib/gcc/avr/4.9.2/../../../../avr/lib/avr5\libc.a(malloc.o)
 .text.avr-libc
                0x00000000      0x25a c:/program files (x86)/atmel/studio/7.0/toolchain/avr8/avr8-gnu-toolchain/bin/../lib/gcc/avr/4.9.2/../../../../avr/lib/avr5\libc.a(malloc.o)
 .comment       0x00000000       0x31 c:/program files (x86)/atmel/studio/7.0/toolchain/avr8/avr8-gnu-toolchain/bin/../lib/gcc/avr/4.9.2/../../../../avr/lib/avr5\libc.a(malloc.o)
 COMMON         0x00000000        0x4 c:/program files (x86)/atmel/studio/7.0/toolchain/avr8/avr8-gnu-toolchain/bin/../lib/gcc/avr/4.9.2/../../../../avr/lib/avr5\libc.a(malloc.o)
 .text          0x00000000        0x0 c:/program files (x86)/atmel/studio/7.0/toolchain/avr8/avr8-gnu-toolchain/bin/../lib/gcc/avr/4.9.2/../../../../avr/lib/avr5\libc.a(memcpy.o)
 .data          0x00000000        0x0 c:/program files (x86)/atmel/studio/7.0/toolchain/avr8/avr8-gnu-toolchain/bin/../lib/gcc/avr/4.9.2/../../../../avr/lib/avr5\libc.a(memcpy.o)
 .bss           0x00000000        0x0 c:/program files (x86)/atmel/studio/7.0/toolchain/avr8/avr8-gnu-toolchain/bin/../lib/gcc/avr/4.9.2/../../../../avr/lib/avr5\libc.a(memcpy.o)
 .text.avr-libc
                0x00000000       0x12 c:/program files (x86)/atmel/studio/7.0/toolchain/avr8/avr8-gnu-toolchain/bin/../lib/gcc/avr/4.9.2/../../../../avr/lib/avr5\libc.a(memcpy.o)
 .text          0x00000000        0x0 c:/program files (x86)/atmel/studio/7.0/toolchain/avr8/avr8-gnu-toolchain/bin/../lib/gcc/avr/4.9.2/../../../../avr/lib/avr5\libc.a(sprintf.o)
 .data          0x00000000        0x0 c:/program files (x86)/atmel/studio/7.0/toolchain/avr8/avr8-gnu-toolchain/bin/../lib/gcc/avr/4.9.2/../../../../avr/lib/avr5\libc.a(sprintf.o)
 .bss           0x00000000        0x0 c:/program files (x86)/atmel/studio/7.0/toolchain/avr8/avr8-gnu-toolchain/bin/../lib/gcc/avr/4.9.2/../../../../avr/lib/avr5\libc.a(sprintf.o)
 .text          0x00000000        0x0 c:/program files (x86)/atmel/studio/7.0/toolchain/avr8/avr8-gnu-toolchain/bin/../lib/gcc/avr/4.9.2/../../../../avr/lib/avr5\libc.a(vfprintf_std.o)
 .data          0x00000000        0x0 c:/program files (x86)/atmel/studio/7.0/toolchain/avr8/avr8-gnu-toolchain/bin/../lib/gcc/avr/4.9.2/../../../../avr/lib/avr5\libc.a(vfprintf_std.o)
 .bss           0x00000000        0x0 c:/program files (x86)/atmel/studio/7.0/toolchain/avr8/avr8-gnu-toolchain/bin/../lib/gcc/avr/4.9.2/../../../../avr/lib/avr5\libc.a(vfprintf_std.o)
 .text          0x00000000        0x0 c:/program files (x86)/atmel/studio/7.0/toolchain/avr8/avr8-gnu-toolchain/bin/../lib/gcc/avr/4.9.2/../../../../avr/lib/avr5\libc.a(strnlen_P.o)
 .data          0x00000000        0x0 c:/program files (x86)/atmel/studio/7.0/toolchain/avr8/avr8-gnu-toolchain/bin/../lib/gcc/avr/4.9.2/../../../../avr/lib/avr5\libc.a(strnlen_P.o)
 .bss           0x00000000        0x0 c:/program files (x86)/atmel/studio/7.0/toolchain/avr8/avr8-gnu-toolchain/bin/../lib/gcc/avr/4.9.2/../../../../avr/lib/avr5\libc.a(strnlen_P.o)
 .text          0x00000000        0x0 c:/program files (x86)/atmel/studio/7.0/toolchain/avr8/avr8-gnu-toolchain/bin/../lib/gcc/avr/4.9.2/../../../../avr/lib/avr5\libc.a(strnlen.o)
 .data          0x00000000        0x0 c:/program files (x86)/atmel/studio/7.0/toolchain/avr8/avr8-gnu-toolchain/bin/../lib/gcc/avr/4.9.2/../../../../avr/lib/avr5\libc.a(strnlen.o)
 .bss           0x00000000        0x0 c:/program files (x86)/atmel/studio/7.0/toolchain/avr8/avr8-gnu-toolchain/bin/../lib/gcc/avr/4.9.2/../../../../avr/lib/avr5\libc.a(strnlen.o)
 .text          0x00000000        0x0 c:/program files (x86)/atmel/studio/7.0/toolchain/avr8/avr8-gnu-toolchain/bin/../lib/gcc/avr/4.9.2/../../../../avr/lib/avr5\libc.a(fputc.o)
 .data          0x00000000        0x0 c:/program files (x86)/atmel/studio/7.0/toolchain/avr8/avr8-gnu-toolchain/bin/../lib/gcc/avr/4.9.2/../../../../avr/lib/avr5\libc.a(fputc.o)
 .bss           0x00000000        0x0 c:/program files (x86)/atmel/studio/7.0/toolchain/avr8/avr8-gnu-toolchain/bin/../lib/gcc/avr/4.9.2/../../../../avr/lib/avr5\libc.a(fputc.o)
 .text          0x00000000        0x0 c:/program files (x86)/atmel/studio/7.0/toolchain/avr8/avr8-gnu-toolchain/bin/../lib/gcc/avr/4.9.2/../../../../avr/lib/avr5\libc.a(ultoa_invert.o)
 .data          0x00000000        0x0 c:/program files (x86)/atmel/studio/7.0/toolchain/avr8/avr8-gnu-toolchain/bin/../lib/gcc/avr/4.9.2/../../../../avr/lib/avr5\libc.a(ultoa_invert.o)
 .bss           0x00000000        0x0 c:/program files (x86)/atmel/studio/7.0/toolchain/avr8/avr8-gnu-toolchain/bin/../lib/gcc/avr/4.9.2/../../../../avr/lib/avr5\libc.a(ultoa_invert.o)
 .text          0x00000000        0x0 c:/program files (x86)/atmel/studio/7.0/toolchain/avr8/avr8-gnu-toolchain/bin/../lib/gcc/avr/4.9.2/avr5\libgcc.a(_prologue.o)
 .data          0x00000000        0x0 c:/program files (x86)/atmel/studio/7.0/toolchain/avr8/avr8-gnu-toolchain/bin/../lib/gcc/avr/4.9.2/avr5\libgcc.a(_prologue.o)
 .bss           0x00000000        0x0 c:/program files (x86)/atmel/studio/7.0/toolchain/avr8/avr8-gnu-toolchain/bin/../lib/gcc/avr/4.9.2/avr5\libgcc.a(_prologue.o)
 .text.libgcc.mul
                0x00000000        0x0 c:/program files (x86)/atmel/studio/7.0/toolchain/avr8/avr8-gnu-toolchain/bin/../lib/gcc/avr/4.9.2/avr5\libgcc.a(_prologue.o)
 .text.libgcc.div
                0x00000000        0x0 c:/program files (x86)/atmel/studio/7.0/toolchain/avr8/avr8-gnu-toolchain/bin/../lib/gcc/avr/4.9.2/avr5\libgcc.a(_prologue.o)
 .text.libgcc   0x00000000        0x0 c:/program files (x86)/atmel/studio/7.0/toolchain/avr8/avr8-gnu-toolchain/bin/../lib/gcc/avr/4.9.2/avr5\libgcc.a(_prologue.o)
 .text.libgcc.builtins
                0x00000000        0x0 c:/program files (x86)/atmel/studio/7.0/toolchain/avr8/avr8-gnu-toolchain/bin/../lib/gcc/avr/4.9.2/avr5\libgcc.a(_prologue.o)
 .text.libgcc.fmul
                0x00000000        0x0 c:/program files (x86)/atmel/studio/7.0/toolchain/avr8/avr8-gnu-toolchain/bin/../lib/gcc/avr/4.9.2/avr5\libgcc.a(_prologue.o)
 .text.libgcc.fixed
                0x00000000        0x0 c:/program files (x86)/atmel/studio/7.0/toolchain/avr8/avr8-gnu-toolchain/bin/../lib/gcc/avr/4.9.2/avr5\libgcc.a(_prologue.o)
 .text          0x00000000        0x0 c:/program files (x86)/atmel/studio/7.0/toolchain/avr8/avr8-gnu-toolchain/bin/../lib/gcc/avr/4.9.2/avr5\libgcc.a(_epilogue.o)
 .data          0x00000000        0x0 c:/program files (x86)/atmel/studio/7.0/toolchain/avr8/avr8-gnu-toolchain/bin/../lib/gcc/avr/4.9.2/avr5\libgcc.a(_epilogue.o)
 .bss           0x00000000        0x0 c:/program files (x86)/atmel/studio/7.0/toolchain/avr8/avr8-gnu-toolchain/bin/../lib/gcc/avr/4.9.2/avr5\libgcc.a(_epilogue.o)
 .text.libgcc.mul
                0x00000000        0x0 c:/program files (x86)/atmel/studio/7.0/toolchain/avr8/avr8-gnu-toolchain/bin/../lib/gcc/avr/4.9.2/avr5\libgcc.a(_epilogue.o)
 .text.libgcc.div
                0x00000000        0x0 c:/program files (x86)/atmel/studio/7.0/toolchain/avr8/avr8-gnu-toolchain/bin/../lib/gcc/avr/4.9.2/avr5\libgcc.a(_epilogue.o)
 .text.libgcc   0x00000000        0x0 c:/program files (x86)/atmel/studio/7.0/toolchain/avr8/avr8-gnu-toolchain/bin/../lib/gcc/avr/4.9.2/avr5\libgcc.a(_epilogue.o)
 .text.libgcc.builtins
                0x00000000        0x0 c:/program files (x86)/atmel/studio/7.0/toolchain/avr8/avr8-gnu-toolchain/bin/../lib/gcc/avr/4.9.2/avr5\libgcc.a(_epilogue.o)
 .text.libgcc.fmul
                0x00000000        0x0 c:/program files (x86)/atmel/studio/7.0/toolchain/avr8/avr8-gnu-toolchain/bin/../lib/gcc/avr/4.9.2/avr5\libgcc.a(_epilogue.o)
 .text.libgcc.fixed
                0x00000000        0x0 c:/program files (x86)/atmel/studio/7.0/toolchain/avr8/avr8-gnu-toolchain/bin/../lib/gcc/avr/4.9.2/avr5\libgcc.a(_epilogue.o)

Memory Configuration

Name             Origin             Length             Attributes
text             0x00000000         0x00020000         xr
data             0x00800060         0x0000ffa0         rw !x
eeprom           0x00810000         0x00010000         rw !x
fuse             0x00820000         0x00000400         rw !x
lock             0x00830000         0x00000400         rw !x
signature        0x00840000         0x00000400         rw !x
user_signatures  0x00850000         0x00000400         rw !x
*default*        0x00000000         0xffffffff

Linker script and memory map

Address of section .data set to 0x800100
LOAD C:/Program Files (x86)/Atmel/Studio/7.0/Packs/atmel/ATmega_DFP/1.0.90/gcc/dev/atmega328p/avr5/crtatmega328p.o
LOAD aes/aes128_dec.o
LOAD aes/aes128_enc.o
LOAD aes/aes192_dec.o
LOAD aes/aes192_enc.o
LOAD aes/aes256_dec.o
LOAD aes/aes256_enc.o
LOAD aes/aes_dec.o
LOAD aes/aes_enc.o
LOAD aes/aes_invsbox.o
LOAD aes/aes_keyschedule.o
LOAD aes/aes_sbox.o
LOAD aes/gf256mul.o
LOAD cbc/bcal-basic.o
LOAD cbc/bcal-cbc.o
LOAD cbc/bcal_aes256.o
LOAD cbc/keysize_descriptor.o
LOAD cbc/memxor.o
LOAD ctr/aes256_ctr.o
LOAD ctr/aes_ctr.o
LOAD main.o
LOAD Source files/adc.o
LOAD Source files/cbc.o
LOAD Source files/conversion.o
LOAD Source files/ctr.o
LOAD Source files/encrypt.o
LOAD Source files/serial.o
START GROUP
LOAD c:/program files (x86)/atmel/studio/7.0/toolchain/avr8/avr8-gnu-toolchain/bin/../lib/gcc/avr/4.9.2/../../../../avr/lib/avr5\libm.a
END GROUP
START GROUP
LOAD c:/program files (x86)/atmel/studio/7.0/toolchain/avr8/avr8-gnu-toolchain/bin/../lib/gcc/avr/4.9.2/avr5\libgcc.a
LOAD c:/program files (x86)/atmel/studio/7.0/toolchain/avr8/avr8-gnu-toolchain/bin/../lib/gcc/avr/4.9.2/../../../../avr/lib/avr5\libm.a
LOAD c:/program files (x86)/atmel/studio/7.0/toolchain/avr8/avr8-gnu-toolchain/bin/../lib/gcc/avr/4.9.2/../../../../avr/lib/avr5\libc.a
LOAD C:/Program Files (x86)/Atmel/Studio/7.0/Packs/atmel/ATmega_DFP/1.0.90/gcc/dev/atmega328p/avr5\libatmega328p.a
END GROUP

.hash
 *(.hash)

.dynsym
 *(.dynsym)

.dynstr
 *(.dynstr)

.gnu.version
 *(.gnu.version)

.gnu.version_d
 *(.gnu.version_d)

.gnu.version_r
 *(.gnu.version_r)

.rel.init
 *(.rel.init)

.rela.init
 *(.rela.init)

.rel.text
 *(.rel.text)
 *(.rel.text.*)
 *(.rel.gnu.linkonce.t*)

.rela.text
 *(.rela.text)
 *(.rela.text.*)
 *(.rela.gnu.linkonce.t*)

.rel.fini
 *(.rel.fini)

.rela.fini
 *(.rela.fini)

.rel.rodata
 *(.rel.rodata)
 *(.rel.rodata.*)
 *(.rel.gnu.linkonce.r*)

.rela.rodata
 *(.rela.rodata)
 *(.rela.rodata.*)
 *(.rela.gnu.linkonce.r*)

.rel.data
 *(.rel.data)
 *(.rel.data.*)
 *(.rel.gnu.linkonce.d*)

.rela.data
 *(.rela.data)
 *(.rela.data.*)
 *(.rela.gnu.linkonce.d*)

.rel.ctors
 *(.rel.ctors)

.rela.ctors
 *(.rela.ctors)

.rel.dtors
 *(.rel.dtors)

.rela.dtors
 *(.rela.dtors)

.rel.got
 *(.rel.got)

.rela.got
 *(.rela.got)

.rel.bss
 *(.rel.bss)

.rela.bss
 *(.rela.bss)

.rel.plt
 *(.rel.plt)

.rela.plt
 *(.rela.plt)

.text           0x00000000      0xff0
 *(.vectors)
 .vectors       0x00000000       0x68 C:/Program Files (x86)/Atmel/Studio/7.0/Packs/atmel/ATmega_DFP/1.0.90/gcc/dev/atmega328p/avr5/crtatmega328p.o
                0x00000000                __vector_default
                0x00000000                __vectors
 *(.vectors)
 *(.progmem.gcc*)
                0x00000068                . = ALIGN (0x2)
                0x00000068                __trampolines_start = .
 *(.trampolines)
 .trampolines   0x00000068        0x0 linker stubs
 *(.trampolines*)
                0x00000068                __trampolines_end = .
 *(.progmem*)
 .progmem.data.sbox
                0x00000068      0x100 ctr/aes_ctr.o
                0x00000068                sbox
                0x00000168                . = ALIGN (0x2)
 *(.jumptables)
 *(.jumptables*)
 *(.lowtext)
 *(.lowtext*)
                0x00000168                __ctors_start = .
 *(.ctors)
                0x00000168                __ctors_end = .
                0x00000168                __dtors_start = .
 *(.dtors)
                0x00000168                __dtors_end = .
 SORT(*)(.ctors)
 SORT(*)(.dtors)
 *(.init0)
 .init0         0x00000168        0x0 C:/Program Files (x86)/Atmel/Studio/7.0/Packs/atmel/ATmega_DFP/1.0.90/gcc/dev/atmega328p/avr5/crtatmega328p.o
                0x00000168                __init
 *(.init0)
 *(.init1)
 *(.init1)
 *(.init2)
 .init2         0x00000168        0xc C:/Program Files (x86)/Atmel/Studio/7.0/Packs/atmel/ATmega_DFP/1.0.90/gcc/dev/atmega328p/avr5/crtatmega328p.o
 *(.init2)
 *(.init3)
 *(.init3)
 *(.init4)
 .init4         0x00000174       0x16 c:/program files (x86)/atmel/studio/7.0/toolchain/avr8/avr8-gnu-toolchain/bin/../lib/gcc/avr/4.9.2/avr5\libgcc.a(_copy_data.o)
                0x00000174                __do_copy_data
 .init4         0x0000018a       0x10 c:/program files (x86)/atmel/studio/7.0/toolchain/avr8/avr8-gnu-toolchain/bin/../lib/gcc/avr/4.9.2/avr5\libgcc.a(_clear_bss.o)
                0x0000018a                __do_clear_bss
 *(.init4)
 *(.init5)
 *(.init5)
 *(.init6)
 *(.init6)
 *(.init7)
 *(.init7)
 *(.init8)
 *(.init8)
 *(.init9)
 .init9         0x0000019a        0x8 C:/Program Files (x86)/Atmel/Studio/7.0/Packs/atmel/ATmega_DFP/1.0.90/gcc/dev/atmega328p/avr5/crtatmega328p.o
 *(.init9)
 *(.text)
 .text          0x000001a2        0x4 C:/Program Files (x86)/Atmel/Studio/7.0/Packs/atmel/ATmega_DFP/1.0.90/gcc/dev/atmega328p/avr5/crtatmega328p.o
                0x000001a2                __vector_22
                0x000001a2                __vector_1
                0x000001a2                __vector_24
                0x000001a2                __vector_12
                0x000001a2                __bad_interrupt
                0x000001a2                __vector_6
                0x000001a2                __vector_3
                0x000001a2                __vector_23
                0x000001a2                __vector_25
                0x000001a2                __vector_11
                0x000001a2                __vector_13
                0x000001a2                __vector_17
                0x000001a2                __vector_19
                0x000001a2                __vector_7
                0x000001a2                __vector_5
                0x000001a2                __vector_4
                0x000001a2                __vector_9
                0x000001a2                __vector_2
                0x000001a2                __vector_21
                0x000001a2                __vector_15
                0x000001a2                __vector_8
                0x000001a2                __vector_14
                0x000001a2                __vector_10
                0x000001a2                __vector_16
                0x000001a2                __vector_20
                0x000001a6                . = ALIGN (0x2)
 *(.text.*)
 .text.aesXorVectors
                0x000001a6       0x1c ctr/aes256_ctr.o
                0x000001a6                aesXorVectors
 .text.aes256CtrSetIv
                0x000001c2       0x52 ctr/aes256_ctr.o
                0x000001c2                aes256CtrSetIv
 .text.aes256CtrInit
                0x00000214       0x2e ctr/aes256_ctr.o
                0x00000214                aes256CtrInit
 .text.aesIncrementCtr
                0x00000242       0x3a ctr/aes256_ctr.o
                0x00000242                aesIncrementCtr
 .text.aes256CtrEncrypt
                0x0000027c       0xe2 ctr/aes256_ctr.o
                0x0000027c                aes256CtrEncrypt
 .text.rj_xtime
                0x0000035e       0x10 ctr/aes_ctr.o
                0x0000035e                rj_xtime
 .text.aes_subBytes
                0x0000036e       0x1c ctr/aes_ctr.o
                0x0000036e                aes_subBytes
 .text.aes_addRoundKey
                0x0000038a       0x2a ctr/aes_ctr.o
                0x0000038a                aes_addRoundKey
 .text.aes_addRoundKey_cpy
                0x000003b4       0x48 ctr/aes_ctr.o
                0x000003b4                aes_addRoundKey_cpy
 .text.aes_shiftRows
                0x000003fc       0x34 ctr/aes_ctr.o
                0x000003fc                aes_shiftRows
 .text.aes_mixColumns
                0x00000430       0xe2 ctr/aes_ctr.o
                0x00000430                aes_mixColumns
 .text.aes_expandEncKey
                0x00000512      0x1f6 ctr/aes_ctr.o
                0x00000512                aes_expandEncKey
 .text.aes256_init_ecb
                0x00000708       0x6a ctr/aes_ctr.o
                0x00000708                aes256_init_ecb
 .text.aes256_encrypt_ecb
                0x00000772       0xbc ctr/aes_ctr.o
                0x00000772                aes256_encrypt_ecb
 .text.main     0x0000082e       0x12 main.o
                0x0000082e                main
 .text.__vector_18
                0x00000840       0x20 main.o
                0x00000840                __vector_18
 .text.InitADC  0x00000860        0xe Source files/adc.o
                0x00000860                InitADC
 .text.ReadADC  0x0000086e       0x36 Source files/adc.o
                0x0000086e                ReadADC
 .text.hexa_to_ascii
                0x000008a4        0xe Source files/conversion.o
                0x000008a4                hexa_to_ascii
 .text.print_hex
                0x000008b2       0x52 Source files/conversion.o
                0x000008b2                print_hex
 .text.ctr_enc_8b
                0x00000904       0xbe Source files/ctr.o
                0x00000904                ctr_enc_8b
 .text.USART_Init
                0x000009c2       0x24 Source files/serial.o
                0x000009c2                USART_Init
 .text.USART_Transmit
                0x000009e6       0x10 Source files/serial.o
                0x000009e6                USART_Transmit
 .text.USART_send_str
                0x000009f6       0x1e Source files/serial.o
                0x000009f6                USART_send_str
 .text.libgcc.div
                0x00000a14       0x28 c:/program files (x86)/atmel/studio/7.0/toolchain/avr8/avr8-gnu-toolchain/bin/../lib/gcc/avr/4.9.2/avr5\libgcc.a(_udivmodhi4.o)
                0x00000a14                __udivmodhi4
 .text.avr-libc
                0x00000a3c       0x46 c:/program files (x86)/atmel/studio/7.0/toolchain/avr8/avr8-gnu-toolchain/bin/../lib/gcc/avr/4.9.2/../../../../avr/lib/avr5\libc.a(sprintf.o)
                0x00000a3c                sprintf
 .text.avr-libc
                0x00000a82      0x3a4 c:/program files (x86)/atmel/studio/7.0/toolchain/avr8/avr8-gnu-toolchain/bin/../lib/gcc/avr/4.9.2/../../../../avr/lib/avr5\libc.a(vfprintf_std.o)
                0x00000a82                vfprintf
 .text.avr-libc
                0x00000e26       0x16 c:/program files (x86)/atmel/studio/7.0/toolchain/avr8/avr8-gnu-toolchain/bin/../lib/gcc/avr/4.9.2/../../../../avr/lib/avr5\libc.a(strnlen_P.o)
                0x00000e26                strnlen_P
 .text.avr-libc
                0x00000e3c       0x16 c:/program files (x86)/atmel/studio/7.0/toolchain/avr8/avr8-gnu-toolchain/bin/../lib/gcc/avr/4.9.2/../../../../avr/lib/avr5\libc.a(strnlen.o)
                0x00000e3c                strnlen
 .text.avr-libc
                0x00000e52       0x70 c:/program files (x86)/atmel/studio/7.0/toolchain/avr8/avr8-gnu-toolchain/bin/../lib/gcc/avr/4.9.2/../../../../avr/lib/avr5\libc.a(fputc.o)
                0x00000e52                fputc
 .text.avr-libc
                0x00000ec2       0xbc c:/program files (x86)/atmel/studio/7.0/toolchain/avr8/avr8-gnu-toolchain/bin/../lib/gcc/avr/4.9.2/../../../../avr/lib/avr5\libc.a(ultoa_invert.o)
                0x00000ec2                __ultoa_invert
 .text.libgcc.prologue
                0x00000f7e       0x38 c:/program files (x86)/atmel/studio/7.0/toolchain/avr8/avr8-gnu-toolchain/bin/../lib/gcc/avr/4.9.2/avr5\libgcc.a(_prologue.o)
                0x00000f7e                __prologue_saves__
 .text.libgcc.prologue
                0x00000fb6       0x36 c:/program files (x86)/atmel/studio/7.0/toolchain/avr8/avr8-gnu-toolchain/bin/../lib/gcc/avr/4.9.2/avr5\libgcc.a(_epilogue.o)
                0x00000fb6                __epilogue_restores__
                0x00000fec                . = ALIGN (0x2)
 *(.fini9)
 .fini9         0x00000fec        0x0 c:/program files (x86)/atmel/studio/7.0/toolchain/avr8/avr8-gnu-toolchain/bin/../lib/gcc/avr/4.9.2/avr5\libgcc.a(_exit.o)
                0x00000fec                _exit
                0x00000fec                exit
 *(.fini9)
 *(.fini8)
 *(.fini8)
 *(.fini7)
 *(.fini7)
 *(.fini6)
 *(.fini6)
 *(.fini5)
 *(.fini5)
 *(.fini4)
 *(.fini4)
 *(.fini3)
 *(.fini3)
 *(.fini2)
 *(.fini2)
 *(.fini1)
 *(.fini1)
 *(.fini0)
 .fini0         0x00000fec        0x4 c:/program files (x86)/atmel/studio/7.0/toolchain/avr8/avr8-gnu-toolchain/bin/../lib/gcc/avr/4.9.2/avr5\libgcc.a(_exit.o)
 *(.fini0)
                0x00000ff0                _etext = .

.data           0x00800100       0x32 load address 0x00000ff0
                0x00800100                PROVIDE (__data_start, .)
 *(.data)
 *(.data*)
 .data.key      0x00800100       0x20 Source files/ctr.o
 *(.rodata)
 *(.rodata*)
 .rodata.str1.1
                0x00800120       0x11 Source files/ctr.o
 *(.gnu.linkonce.d*)
                0x00800132                . = ALIGN (0x2)
 *fill*         0x00800131        0x1 
                0x00800132                _edata = .
                0x00800132                PROVIDE (__data_end, .)

.bss            0x00800132       0x11
                0x00800132                PROVIDE (__bss_start, .)
 *(.bss)
 *(.bss*)
 .bss.iv        0x00800132       0x10 Source files/ctr.o
 *(COMMON)
 COMMON         0x00800142        0x1 main.o
                0x00800142                REC
                0x00800143                PROVIDE (__bss_end, .)
                0x00000ff0                __data_load_start = LOADADDR (.data)
                0x00001022                __data_load_end = (__data_load_start + SIZEOF (.data))

.noinit         0x00800143        0x0
                0x00800143                PROVIDE (__noinit_start, .)
 *(.noinit*)
                0x00800143                PROVIDE (__noinit_end, .)
                0x00800143                _end = .
                0x00800143                PROVIDE (__heap_start, .)

.eeprom         0x00810000        0x0
 *(.eeprom*)
                0x00810000                __eeprom_end = .

.fuse
 *(.fuse)
 *(.lfuse)
 *(.hfuse)
 *(.efuse)

.lock
 *(.lock*)

.signature
 *(.signature*)

.user_signatures
 *(.user_signatures*)

.stab
 *(.stab)

.stabstr
 *(.stabstr)

.stab.excl
 *(.stab.excl)

.stab.exclstr
 *(.stab.exclstr)

.stab.index
 *(.stab.index)

.stab.indexstr
 *(.stab.indexstr)

.comment        0x00000000       0x5c
 *(.comment)
 .comment       0x00000000       0x30 ctr/aes256_ctr.o
                                 0x31 (size before relaxing)
 .comment       0x00000030       0x31 ctr/aes_ctr.o
 .comment       0x00000030       0x31 main.o
 .comment       0x00000030       0x31 Source files/adc.o
 .comment       0x00000030       0x31 Source files/conversion.o
 .comment       0x00000030       0x31 Source files/ctr.o
 .comment       0x00000030       0x31 Source files/serial.o
 .comment       0x00000030       0x31 c:/program files (x86)/atmel/studio/7.0/toolchain/avr8/avr8-gnu-toolchain/bin/../lib/gcc/avr/4.9.2/../../../../avr/lib/avr5\libc.a(sprintf.o)
 .comment       0x00000030       0x2c c:/program files (x86)/atmel/studio/7.0/toolchain/avr8/avr8-gnu-toolchain/bin/../lib/gcc/avr/4.9.2/../../../../avr/lib/avr5\libc.a(vfprintf_std.o)
                                 0x2d (size before relaxing)
 .comment       0x0000005c       0x31 c:/program files (x86)/atmel/studio/7.0/toolchain/avr8/avr8-gnu-toolchain/bin/../lib/gcc/avr/4.9.2/../../../../avr/lib/avr5\libc.a(fputc.o)

.note.gnu.avr.deviceinfo
                0x00000000       0x40
 .note.gnu.avr.deviceinfo
                0x00000000       0x40 C:/Program Files (x86)/Atmel/Studio/7.0/Packs/atmel/ATmega_DFP/1.0.90/gcc/dev/atmega328p/avr5/crtatmega328p.o

.note.gnu.build-id
 *(.note.gnu.build-id)

.debug
 *(.debug)

.line
 *(.line)

.debug_srcinfo
 *(.debug_srcinfo)

.debug_sfnames
 *(.debug_sfnames)

.debug_aranges  0x00000000      0x1d0
 *(.debug_aranges)
 .debug_aranges
                0x00000000       0x58 ctr/aes256_ctr.o
 .debug_aranges
                0x00000058       0x90 ctr/aes_ctr.o
 .debug_aranges
                0x000000e8       0x28 main.o
 .debug_aranges
                0x00000110       0x28 Source files/adc.o
 .debug_aranges
                0x00000138       0x28 Source files/conversion.o
 .debug_aranges
                0x00000160       0x30 Source files/ctr.o
 .debug_aranges
                0x00000190       0x40 Source files/serial.o

.debug_pubnames
 *(.debug_pubnames)

.debug_info     0x00000000     0x1c59
 *(.debug_info .gnu.linkonce.wi.*)
 .debug_info    0x00000000      0x515 ctr/aes256_ctr.o
 .debug_info    0x00000515      0xc7b ctr/aes_ctr.o
 .debug_info    0x00001190      0x11b main.o
 .debug_info    0x000012ab       0xc8 Source files/adc.o
 .debug_info    0x00001373      0x129 Source files/conversion.o
 .debug_info    0x0000149c      0x64b Source files/ctr.o
 .debug_info    0x00001ae7      0x172 Source files/serial.o

.debug_abbrev   0x00000000      0x80b
 *(.debug_abbrev)
 .debug_abbrev  0x00000000      0x193 ctr/aes256_ctr.o
 .debug_abbrev  0x00000193      0x1e9 ctr/aes_ctr.o
 .debug_abbrev  0x0000037c       0xe1 main.o
 .debug_abbrev  0x0000045d       0x87 Source files/adc.o
 .debug_abbrev  0x000004e4       0xc8 Source files/conversion.o
 .debug_abbrev  0x000005ac      0x179 Source files/ctr.o
 .debug_abbrev  0x00000725       0xe6 Source files/serial.o

.debug_line     0x00000000      0x968
 *(.debug_line .debug_line.* .debug_line_end)
 .debug_line    0x00000000      0x1a1 ctr/aes256_ctr.o
 .debug_line    0x000001a1      0x2d1 ctr/aes_ctr.o
 .debug_line    0x00000472       0xe8 main.o
 .debug_line    0x0000055a       0xc3 Source files/adc.o
 .debug_line    0x0000061d       0xec Source files/conversion.o
 .debug_line    0x00000709      0x13c Source files/ctr.o
 .debug_line    0x00000845      0x123 Source files/serial.o

.debug_frame    0x00000000      0x5c0
 *(.debug_frame)
 .debug_frame   0x00000000      0x124 ctr/aes256_ctr.o
 .debug_frame   0x00000124      0x2c4 ctr/aes_ctr.o
 .debug_frame   0x000003e8       0x44 main.o
 .debug_frame   0x0000042c       0x34 Source files/adc.o
 .debug_frame   0x00000460       0x54 Source files/conversion.o
 .debug_frame   0x000004b4       0x90 Source files/ctr.o
 .debug_frame   0x00000544       0x7c Source files/serial.o

.debug_str      0x00000000      0x4a8
 *(.debug_str)
 .debug_str     0x00000000      0x264 ctr/aes256_ctr.o
                                0x2a6 (size before relaxing)
 .debug_str     0x00000264      0x103 ctr/aes_ctr.o
                                0x2a2 (size before relaxing)
 .debug_str     0x00000367       0x3b main.o
                                0x196 (size before relaxing)
 .debug_str     0x000003a2       0x1e Source files/adc.o
                                0x17c (size before relaxing)
 .debug_str     0x000003c0       0x4f Source files/conversion.o
                                0x1aa (size before relaxing)
 .debug_str     0x0000040f       0x57 Source files/ctr.o
                                0x263 (size before relaxing)
 .debug_str     0x00000466       0x42 Source files/serial.o
                                0x1c2 (size before relaxing)

.debug_loc      0x00000000     0x2093
 *(.debug_loc)
 .debug_loc     0x00000000      0x75e ctr/aes256_ctr.o
 .debug_loc     0x0000075e     0x13f5 ctr/aes_ctr.o
 .debug_loc     0x00001b53       0x3c main.o
 .debug_loc     0x00001b8f       0x3d Source files/adc.o
 .debug_loc     0x00001bcc      0x11c Source files/conversion.o
 .debug_loc     0x00001ce8      0x184 Source files/ctr.o
 .debug_loc     0x00001e6c      0x227 Source files/serial.o

.debug_macinfo
 *(.debug_macinfo)

.debug_weaknames
 *(.debug_weaknames)

.debug_funcnames
 *(.debug_funcnames)

.debug_typenames
 *(.debug_typenames)

.debug_varnames
 *(.debug_varnames)

.debug_pubtypes
 *(.debug_pubtypes)

.debug_ranges   0x00000000      0x160
 *(.debug_ranges)
 .debug_ranges  0x00000000       0x48 ctr/aes256_ctr.o
 .debug_ranges  0x00000048       0x80 ctr/aes_ctr.o
 .debug_ranges  0x000000c8       0x18 main.o
 .debug_ranges  0x000000e0       0x18 Source files/adc.o
 .debug_ranges  0x000000f8       0x18 Source files/conversion.o
 .debug_ranges  0x00000110       0x20 Source files/ctr.o
 .debug_ranges  0x00000130       0x30 Source files/serial.o

.debug_macro
 *(.debug_macro)
OUTPUT(SI.elf elf32-avr)
LOAD linker stubs
